Component: ARM Compiler 5.06 update 5 (build 528) Tool: armlink [4d35e2]

==============================================================================

Section Cross References

    glcd_scroll.o(i.append_char) refers to glcd_scroll.o(i.refresh_lcd) for refresh_lcd
    glcd_scroll.o(i.append_char) refers to glcd_spi_lpc1700.o(i.GLCD_DisplayChar) for GLCD_DisplayChar
    glcd_scroll.o(i.append_char) refers to glcd_scroll.o(i.last_line) for last_line
    glcd_scroll.o(i.append_char) refers to glcd_scroll.o(.data) for last_col_cahche
    glcd_scroll.o(i.append_char) refers to glcd_scroll.o(.bss) for chache
    glcd_scroll.o(i.init_scroll) refers to glcd_spi_lpc1700.o(i.GLCD_Init) for GLCD_Init
    glcd_scroll.o(i.init_scroll) refers to glcd_spi_lpc1700.o(i.GLCD_Clear) for GLCD_Clear
    glcd_scroll.o(i.init_scroll) refers to glcd_spi_lpc1700.o(i.GLCD_SetBackColor) for GLCD_SetBackColor
    glcd_scroll.o(i.init_scroll) refers to glcd_spi_lpc1700.o(i.GLCD_SetTextColor) for GLCD_SetTextColor
    glcd_scroll.o(i.init_scroll) refers to glcd_scroll.o(.data) for cache_start
    glcd_scroll.o(i.joyStickBusyWaitingMonitor) refers to glcd_scroll.o(i.moveUp) for moveUp
    glcd_scroll.o(i.joyStickBusyWaitingMonitor) refers to glcd_scroll.o(i.moveDown) for moveDown
    glcd_scroll.o(i.joyStickBusyWaitingMonitor) refers to glcd_scroll.o(i.moveFirst) for moveFirst
    glcd_scroll.o(i.joyStickBusyWaitingMonitor) refers to glcd_scroll.o(i.moveLast) for moveLast
    glcd_scroll.o(i.last_line) refers to glcd_scroll.o(.data) for cache_start
    glcd_scroll.o(i.last_window_line) refers to glcd_scroll.o(.data) for window_start
    glcd_scroll.o(i.moveDown) refers to glcd_scroll.o(i.last_line) for last_line
    glcd_scroll.o(i.moveDown) refers to glcd_scroll.o(i.last_window_line) for last_window_line
    glcd_scroll.o(i.moveDown) refers to glcd_scroll.o(i.refresh_lcd) for refresh_lcd
    glcd_scroll.o(i.moveDown) refers to glcd_scroll.o(.data) for window_start
    glcd_scroll.o(i.moveFirst) refers to glcd_scroll.o(i.refresh_lcd) for refresh_lcd
    glcd_scroll.o(i.moveFirst) refers to glcd_scroll.o(.data) for window_start
    glcd_scroll.o(i.moveLast) refers to glcd_scroll.o(i.last_line) for last_line
    glcd_scroll.o(i.moveLast) refers to glcd_scroll.o(i.last_window_line) for last_window_line
    glcd_scroll.o(i.moveLast) refers to glcd_scroll.o(i.refresh_lcd) for refresh_lcd
    glcd_scroll.o(i.moveLast) refers to glcd_scroll.o(.data) for cache_size
    glcd_scroll.o(i.moveUp) refers to glcd_scroll.o(i.refresh_lcd) for refresh_lcd
    glcd_scroll.o(i.moveUp) refers to glcd_scroll.o(.data) for window_start
    glcd_scroll.o(i.print_string) refers to glcd_scroll.o(i.print_text) for print_text
    glcd_scroll.o(i.print_text) refers to glcd_scroll.o(i.append_char) for append_char
    glcd_scroll.o(i.refresh_lcd) refers to glcd_spi_lpc1700.o(i.GLCD_Clear) for GLCD_Clear
    glcd_scroll.o(i.refresh_lcd) refers to glcd_spi_lpc1700.o(i.GLCD_DisplayString) for GLCD_DisplayString
    glcd_scroll.o(i.refresh_lcd) refers to glcd_scroll.o(.data) for window_start
    glcd_scroll.o(i.refresh_lcd) refers to glcd_scroll.o(.bss) for chache
    glcd_spi_lpc1700.o(i.GLCD_Bargraph) refers to glcd_spi_lpc1700.o(i.GLCD_SetWindow) for GLCD_SetWindow
    glcd_spi_lpc1700.o(i.GLCD_Bargraph) refers to glcd_spi_lpc1700.o(i.wr_cmd) for wr_cmd
    glcd_spi_lpc1700.o(i.GLCD_Bargraph) refers to glcd_spi_lpc1700.o(i.wr_dat_start) for wr_dat_start
    glcd_spi_lpc1700.o(i.GLCD_Bargraph) refers to glcd_spi_lpc1700.o(i.wr_dat_only) for wr_dat_only
    glcd_spi_lpc1700.o(i.GLCD_Bargraph) refers to glcd_spi_lpc1700.o(i.wr_dat_stop) for wr_dat_stop
    glcd_spi_lpc1700.o(i.GLCD_Bargraph) refers to glcd_spi_lpc1700.o(.data) for Color
    glcd_spi_lpc1700.o(i.GLCD_Bitmap) refers to glcd_spi_lpc1700.o(i.GLCD_SetWindow) for GLCD_SetWindow
    glcd_spi_lpc1700.o(i.GLCD_Bitmap) refers to glcd_spi_lpc1700.o(i.wr_cmd) for wr_cmd
    glcd_spi_lpc1700.o(i.GLCD_Bitmap) refers to glcd_spi_lpc1700.o(i.wr_dat_start) for wr_dat_start
    glcd_spi_lpc1700.o(i.GLCD_Bitmap) refers to glcd_spi_lpc1700.o(i.wr_dat_only) for wr_dat_only
    glcd_spi_lpc1700.o(i.GLCD_Bitmap) refers to glcd_spi_lpc1700.o(i.wr_dat_stop) for wr_dat_stop
    glcd_spi_lpc1700.o(i.GLCD_Clear) refers to glcd_spi_lpc1700.o(i.GLCD_WindowMax) for GLCD_WindowMax
    glcd_spi_lpc1700.o(i.GLCD_Clear) refers to glcd_spi_lpc1700.o(i.wr_cmd) for wr_cmd
    glcd_spi_lpc1700.o(i.GLCD_Clear) refers to glcd_spi_lpc1700.o(i.wr_dat_start) for wr_dat_start
    glcd_spi_lpc1700.o(i.GLCD_Clear) refers to glcd_spi_lpc1700.o(i.wr_dat_only) for wr_dat_only
    glcd_spi_lpc1700.o(i.GLCD_Clear) refers to glcd_spi_lpc1700.o(i.wr_dat_stop) for wr_dat_stop
    glcd_spi_lpc1700.o(i.GLCD_ClearLn) refers to glcd_spi_lpc1700.o(i.GLCD_WindowMax) for GLCD_WindowMax
    glcd_spi_lpc1700.o(i.GLCD_ClearLn) refers to glcd_spi_lpc1700.o(i.GLCD_DisplayString) for GLCD_DisplayString
[...]
    Removing rt_system.o(i.os_tick_ovf), (16 bytes).
    Removing rt_system.o(i.os_tick_val), (20 bytes).
    Removing rt_system.o(i.rt_resume), (136 bytes).
    Removing rt_system.o(i.rt_suspend), (36 bytes).
    Removing rt_system.o(i.rt_tsk_lock), (80 bytes).
    Removing rt_system.o(i.rt_tsk_unlock), (80 bytes).
    Removing rt_event.o(i.isr_evt_set), (40 bytes).
    Removing rt_event.o(i.rt_evt_clr), (28 bytes).
    Removing rt_event.o(i.rt_evt_get), (12 bytes).
    Removing rt_event.o(i.rt_evt_set), (92 bytes).
    Removing rt_event.o(i.rt_evt_wait), (60 bytes).
    Removing rt_mailbox.o(i.rt_mbx_send), (152 bytes).
    Removing rt_semaphore.o(i.rt_sem_delete), (92 bytes).
    Removing rt_time.o(i.rt_itv_set), (24 bytes).
    Removing rt_time.o(i.rt_itv_wait), (40 bytes).
    Removing rt_time.o(i.rt_time_get), (12 bytes).
    Removing rt_mutex.o(i.rt_mut_delete), (176 bytes).
    Removing rt_mutex.o(i.rt_mut_init), (16 bytes).
    Removing rt_mutex.o(i.rt_mut_release), (216 bytes).
    Removing rt_mutex.o(i.rt_mut_wait), (120 bytes).
    Removing rt_membox.o(i._calloc_box), (30 bytes).
    Removing dfixul.o(.text), (48 bytes).
    Removing cdrcmple.o(.text), (48 bytes).

139 unused section(s) (total 6703 bytes) removed from the image.

==============================================================================

Image Symbol Table

    Local Symbols

    Symbol Name                              Value     Ov Type        Size  Object(Section)

    RESET                                    0x00000000   Section      204  startup_lpc17xx.o(RESET)
    ../clib/../cmprslib/zerorunl2.c          0x00000000   Number         0  __dczerorl2.o ABSOLUTE
    ../clib/microlib/division.c              0x00000000   Number         0  uldiv.o ABSOLUTE
    ../clib/microlib/division.c              0x00000000   Number         0  uidiv.o ABSOLUTE
    ../clib/microlib/init/entry.s            0x00000000   Number         0  entry8a.o ABSOLUTE
    ../clib/microlib/init/entry.s            0x00000000   Number         0  entry10a.o ABSOLUTE
    ../clib/microlib/init/entry.s            0x00000000   Number         0  entry8b.o ABSOLUTE
    ../clib/microlib/init/entry.s            0x00000000   Number         0  entry.o ABSOLUTE
    ../clib/microlib/init/entry.s            0x00000000   Number         0  entry7a.o ABSOLUTE
    ../clib/microlib/init/entry.s            0x00000000   Number         0  entry5.o ABSOLUTE
    ../clib/microlib/init/entry.s            0x00000000   Number         0  entry2.o ABSOLUTE
    ../clib/microlib/init/entry.s            0x00000000   Number         0  entry11b.o ABSOLUTE
    ../clib/microlib/init/entry.s            0x00000000   Number         0  entry7b.o ABSOLUTE
    ../clib/microlib/init/entry.s            0x00000000   Number         0  entry11a.o ABSOLUTE
    ../clib/microlib/init/entry.s            0x00000000   Number         0  entry10b.o ABSOLUTE
    ../clib/microlib/longlong.c              0x00000000   Number         0  llushr.o ABSOLUTE
    ../clib/microlib/longlong.c              0x00000000   Number         0  llsshr.o ABSOLUTE
    ../clib/microlib/longlong.c              0x00000000   Number         0  llshl.o ABSOLUTE
    ../clib/microlib/malloc/malloc.c         0x00000000   Number         0  malloca.o ABSOLUTE
    ../clib/microlib/malloc/malloc.c         0x00000000   Number         0  mallocra.o ABSOLUTE
    ../clib/microlib/malloc/malloc.c         0x00000000   Number         0  malloc.o ABSOLUTE
    ../clib/microlib/malloc/malloc.c         0x00000000   Number         0  mallocr.o ABSOLUTE
    ../clib/microlib/malloc/mvars.c          0x00000000   Number         0  mvars.o ABSOLUTE
    ../clib/microlib/printf/printf.c         0x00000000   Number         0  printf3.o ABSOLUTE
    ../clib/microlib/printf/printf.c         0x00000000   Number         0  printf7.o ABSOLUTE
    ../clib/microlib/printf/printf.c         0x00000000   Number         0  printfa.o ABSOLUTE
    ../clib/microlib/printf/printf.c         0x00000000   Number         0  printf8.o ABSOLUTE
    ../clib/microlib/printf/printf.c         0x00000000   Number         0  printf6.o ABSOLUTE
    ../clib/microlib/printf/printf.c         0x00000000   Number         0  printf5.o ABSOLUTE
    ../clib/microlib/printf/printf.c         0x00000000   Number         0  printf2.o ABSOLUTE
    ../clib/microlib/printf/printf.c         0x00000000   Number         0  printfb.o ABSOLUTE
    ../clib/microlib/printf/printf.c         0x00000000   Number         0  printf1.o ABSOLUTE
    ../clib/microlib/printf/printf.c         0x00000000   Number         0  printf4.o ABSOLUTE
    ../clib/microlib/printf/printf.c         0x00000000   Number         0  printf0.o ABSOLUTE
    ../clib/microlib/printf/stubs.s          0x00000000   Number         0  stubs.o ABSOLUTE
    ../clib/microlib/string/memcpy.c         0x00000000   Number         0  memcpyb.o ABSOLUTE
    ../clib/microlib/string/memcpy.c         0x00000000   Number         0  memcpya.o ABSOLUTE
    ../clib/microlib/stubs.s                 0x00000000   Number         0  iusefp.o ABSOLUTE
    ../fplib/microlib/fpadd.c                0x00000000   Number         0  dadd.o ABSOLUTE
    ../fplib/microlib/fpdiv.c                0x00000000   Number         0  ddiv.o ABSOLUTE
    ../fplib/microlib/fpepilogue.c           0x00000000   Number         0  depilogue.o ABSOLUTE
    ../fplib/microlib/fpfix.c                0x00000000   Number         0  dfixui.o ABSOLUTE
    ../fplib/microlib/fpfix.c                0x00000000   Number         0  dfixul.o ABSOLUTE
    ../fplib/microlib/fpflt.c                0x00000000   Number         0  dfltui.o ABSOLUTE
    ../fplib/microlib/fpmul.c                0x00000000   Number         0  dmul.o ABSOLUTE
    ..\HAL_CM.c                              0x00000000   Number         0  hal_cm.o ABSOLUTE
    ..\\rt_CMSIS.c                           0x00000000   Number         0  rt_cmsis.o ABSOLUTE
    ..\\rt_System.c                          0x00000000   Number         0  rt_system.o ABSOLUTE
    ..\rt_CMSIS.c                            0x00000000   Number         0  rt_cmsis.o ABSOLUTE
    ..\rt_Event.c                            0x00000000   Number         0  rt_event.o ABSOLUTE
    ..\rt_List.c                             0x00000000   Number         0  rt_list.o ABSOLUTE
    ..\rt_Mailbox.c                          0x00000000   Number         0  rt_mailbox.o ABSOLUTE
    ..\rt_MemBox.c                           0x00000000   Number         0  rt_membox.o ABSOLUTE
    ..\rt_Memory.c                           0x00000000   Number         0  rt_memory.o ABSOLUTE
    ..\rt_Mutex.c                            0x00000000   Number         0  rt_mutex.o ABSOLUTE
    ..\rt_Robin.c                            0x00000000   Number         0  rt_robin.o ABSOLUTE
    ..\rt_Semaphore.c                        0x00000000   Number         0  rt_semaphore.o ABSOLUTE
    ..\rt_System.c                           0x00000000   Number         0  rt_system.o ABSOLUTE
    ..\rt_Task.c                             0x00000000   Number         0  rt_task.o ABSOLUTE
    ..\rt_Time.c                             0x00000000   Number         0  rt_time.o ABSOLUTE
    HAL_CM3.c                                0x00000000   Number         0  hal_cm3.o ABSOLUTE
    HAL_CM3.c                                0x00000000   Number         0  hal_cm3.o ABSOLUTE
    RTE\CMSIS\RTX_Conf_CM.c                  0x00000000   Number         0  rtx_conf_cm.o ABSOLUTE
    RTE\Device\LPC1768\startup_LPC17xx.s     0x00000000   Number         0  startup_lpc17xx.o ABSOLUTE
    RTE\Device\LPC1768\system_LPC17xx.c      0x00000000   Number         0  system_lpc17xx.o ABSOLUTE
    RTE\\Device\\LPC1768\\system_LPC17xx.c   0x00000000   Number         0  system_lpc17xx.o ABSOLUTE
    SVC_Table.s                              0x00000000   Number         0  svc_table.o ABSOLUTE
    cdrcmple.s                               0x00000000   Number         0  cdrcmple.o ABSOLUTE
    dc.s                                     0x00000000   Number         0  dc.o ABSOLUTE
    handlers.s                               0x00000000   Number         0  handlers.o ABSOLUTE
    init.s                                   0x00000000   Number         0  init.o ABSOLUTE
    src\GLCD_SPI_LPC1700.c                   0x00000000   Number         0  glcd_spi_lpc1700.o ABSOLUTE
    src\GLCD_Scroll.c                        0x00000000   Number         0  glcd_scroll.o ABSOLUTE
    src\Retarget.c                           0x00000000   Number         0  retarget.o ABSOLUTE
    src\\GLCD_SPI_LPC1700.c                  0x00000000   Number         0  glcd_spi_lpc1700.o ABSOLUTE
    src\\GLCD_Scroll.c                       0x00000000   Number         0  glcd_scroll.o ABSOLUTE
    src\\graphics.c                          0x00000000   Number         0  graphics.o ABSOLUTE
    src\\main.c                              0x00000000   Number         0  main.o ABSOLUTE
    src\\uart.c                              0x00000000   Number         0  uart.o ABSOLUTE
    src\graphics.c                           0x00000000   Number         0  graphics.o ABSOLUTE
    src\main.c                               0x00000000   Number         0  main.o ABSOLUTE
    src\uart.c                               0x00000000   Number         0  uart.o ABSOLUTE
    .ARM.Collect$$$$00000000                 0x000000cc   Section        0  entry.o(.ARM.Collect$$$$00000000)
    .ARM.Collect$$$$00000001                 0x000000cc   Section        4  entry2.o(.ARM.Collect$$$$00000001)
    .ARM.Collect$$$$00000004                 0x000000d0   Section        4  entry5.o(.ARM.Collect$$$$00000004)
    .ARM.Collect$$$$00000008                 0x000000d4   Section        0  entry7b.o(.ARM.Collect$$$$00000008)
    .ARM.Collect$$$$0000000A                 0x000000d4   Section        0  entry8b.o(.ARM.Collect$$$$0000000A)
    .ARM.Collect$$$$0000000D                 0x000000d4   Section        0  entry10a.o(.ARM.Collect$$$$0000000D)
    .ARM.Collect$$$$0000000F                 0x000000d4   Section        0  entry11a.o(.ARM.Collect$$$$0000000F)
    .ARM.Collect$$$$000000FF                 0x000000d4   Section        0  rtx_conf_cm.o(.ARM.Collect$$$$000000FF)
    .ARM.Collect$$$$00002712                 0x000000ec   Section        4  entry2.o(.ARM.Collect$$$$00002712)
    __lit__00000000                          0x000000ec   Data           4  entry2.o(.ARM.Collect$$$$00002712)
    .emb_text                                0x000000f0   Section      304  hal_cm3.o(.emb_text)
    .text                                    0x00000220   Section       36  startup_lpc17xx.o(.text)
    .text                                    0x00000244   Section        0  dfltui.o(.text)
    .text                                    0x0000025e   Section        0  dfixui.o(.text)
    .text                                    0x00000290   Section        0  uidiv.o(.text)
    .text                                    0x000002bc   Section        0  llshl.o(.text)
    .text                                    0x000002da   Section        0  llushr.o(.text)
    .text                                    0x000002fa   Section        0  iusefp.o(.text)
    i.__scatterload_null                     0x000002fa   Section        2  handlers.o(i.__scatterload_null)
    .ARM.__at_0x02FC                         0x000002fc   Section        4  startup_lpc17xx.o(.ARM.__at_0x02FC)
    .text                                    0x00000300   Section        0  dadd.o(.text)
    .text                                    0x0000044e   Section        0  dmul.o(.text)
    .text                                    0x00000532   Section        0  ddiv.o(.text)
    .text                                    0x00000610   Section        0  llsshr.o(.text)
    .text                                    0x00000634   Section        0  depilogue.o(.text)
    .text                                    0x000006f0   Section       36  init.o(.text)
    .text                                    0x00000714   Section        0  __dczerorl2.o(.text)
    SVC_TABLE                                0x0000076c   Section        4  svc_table.o(SVC_TABLE)
    i.Free                                   0x00000770   Section        0  uart.o(i.Free)
    i.FreeRcv                                0x00000778   Section        0  uart.o(i.FreeRcv)
    i.FreeSnd                                0x0000079c   Section        0  uart.o(i.FreeSnd)
    i.GLCD_Bitmap                            0x000007c0   Section        0  glcd_spi_lpc1700.o(i.GLCD_Bitmap)
    i.GLCD_Clear                             0x00000812   Section        0  glcd_spi_lpc1700.o(i.GLCD_Clear)
    i.GLCD_DisplayChar                       0x0000083c   Section        0  glcd_spi_lpc1700.o(i.GLCD_DisplayChar)
    i.GLCD_DisplayString                     0x00000898   Section        0  glcd_spi_lpc1700.o(i.GLCD_DisplayString)
    i.GLCD_DrawChar                          0x000008c0   Section        0  glcd_spi_lpc1700.o(i.GLCD_DrawChar)
    i.GLCD_Init                              0x0000095c   Section        0  glcd_spi_lpc1700.o(i.GLCD_Init)
    i.GLCD_SetBackColor                      0x00000f44   Section        0  glcd_spi_lpc1700.o(i.GLCD_SetBackColor)
    i.GLCD_SetTextColor                      0x00000f50   Section        0  glcd_spi_lpc1700.o(i.GLCD_SetTextColor)
    i.GLCD_SetWindow                         0x00000f5c   Section        0  glcd_spi_lpc1700.o(i.GLCD_SetWindow)
    i.GLCD_WindowMax                         0x00001008   Section        0  glcd_spi_lpc1700.o(i.GLCD_WindowMax)
    i.SystemInit                             0x0000101c   Section        0  system_lpc17xx.o(i.SystemInit)
    i.UART0_IRQHandler                       0x0000115c   Section        0  uart.o(i.UART0_IRQHandler)
    i.UART1_IRQHandler                       0x000011c4   Section        0  uart.o(i.UART1_IRQHandler)
    i.UARTInit                               0x00001234   Section        0  uart.o(i.UARTInit)
    i.UARTSendChar                           0x000012f0   Section        0  uart.o(i.UARTSendChar)
    i.__0printf$1                            0x00001314   Section        0  printf1.o(i.__0printf$1)
    i.__0sprintf$1                           0x00001334   Section        0  printf1.o(i.__0sprintf$1)
    i.__NVIC_EnableIRQ                       0x0000135c   Section        0  uart.o(i.__NVIC_EnableIRQ)
    __NVIC_EnableIRQ                         0x0000135d   Thumb Code    26  uart.o(i.__NVIC_EnableIRQ)
    i.__scatterload_copy                     0x00001376   Section       14  handlers.o(i.__scatterload_copy)
    i.__scatterload_zeroinit                 0x00001384   Section       14  handlers.o(i.__scatterload_zeroinit)
    i._init_box                              0x00001392   Section        0  rt_membox.o(i._init_box)
    i._printf_core                           0x000013d8   Section        0  printf1.o(i._printf_core)
    _printf_core                             0x000013d9   Thumb Code   336  printf1.o(i._printf_core)
    i._sputc                                 0x0000152c   Section        0  printf1.o(i._sputc)
    _sputc                                   0x0000152d   Thumb Code    10  printf1.o(i._sputc)
    i.dbg_init                               0x00001538   Section        0  hal_cm.o(i.dbg_init)
    i.dbg_task_notify                        0x00001568   Section        0  hal_cm.o(i.dbg_task_notify)
    i.dbg_task_switch                        0x00001588   Section        0  hal_cm.o(i.dbg_task_switch)
    i.delay                                  0x00001598   Section        0  glcd_spi_lpc1700.o(i.delay)
    delay                                    0x00001599   Thumb Code    14  glcd_spi_lpc1700.o(i.delay)
    i.displayBitmapToLCD                     0x000015a6   Section        0  graphics.o(i.displayBitmapToLCD)
    i.displayStringToLCD                     0x000015ca   Section        0  graphics.o(i.displayStringToLCD)
    i.fputc                                  0x0000161a   Section        0  retarget.o(i.fputc)
    i.free                                   0x00001628   Section        0  malloc.o(i.free)
    i.gameWorker                             0x00001678   Section        0  main.o(i.gameWorker)
    i.getFrequency                           0x000016ec   Section        0  uart.o(i.getFrequency)
    i.graphicsWorker                         0x00001734   Section        0  graphics.o(i.graphicsWorker)
    i.initGraphics                           0x0000178c   Section        0  graphics.o(i.initGraphics)
    i.isrMessageGet                          0x000017ac   Section        0  rt_cmsis.o(i.isrMessageGet)
    i.isrMessagePut                          0x000017d6   Section        0  rt_cmsis.o(i.isrMessagePut)
    i.isrSemaphoreRelease                    0x00001802   Section        0  rt_cmsis.o(i.isrSemaphoreRelease)
    i.isr_mbx_receive                        0x0000182c   Section        0  rt_mailbox.o(i.isr_mbx_receive)
    i.isr_mbx_send                           0x00001882   Section        0  rt_mailbox.o(i.isr_mbx_send)
    i.isr_sem_send                           0x00001890   Section        0  rt_semaphore.o(i.isr_sem_send)
    i.joystickWorker                         0x000018a0   Section        0  main.o(i.joystickWorker)
    i.main                                   0x0000190c   Section        0  main.o(i.main)
    i.malloc                                 0x00001980   Section        0  malloc.o(i.malloc)
    i.osDelay                                0x000019ec   Section        0  rt_cmsis.o(i.osDelay)
    i.osKernelInitialize                     0x00001a04   Section        0  rt_cmsis.o(i.osKernelInitialize)
    i.osKernelStart                          0x00001a28   Section        0  rt_cmsis.o(i.osKernelStart)
    i.osMessageGet                           0x00001a94   Section        0  rt_cmsis.o(i.osMessageGet)
    i.osSemaphoreCreate                      0x00001aac   Section        0  rt_cmsis.o(i.osSemaphoreCreate)
    i.osSemaphoreRelease                     0x00001ad8   Section        0  rt_cmsis.o(i.osSemaphoreRelease)
    i.osSemaphoreWait                        0x00001af0   Section        0  rt_cmsis.o(i.osSemaphoreWait)
    i.osThreadCreate                         0x00001b08   Section        0  rt_cmsis.o(i.osThreadCreate)
    i.osThreadExit                           0x00001b34   Section        0  rt_cmsis.o(i.osThreadExit)
    i.osThreadYield                          0x00001b4c   Section        0  rt_cmsis.o(i.osThreadYield)
    i.osTimerCall                            0x00001b64   Section        0  rt_cmsis.o(i.osTimerCall)
    i.osTimerThread                          0x00001b70   Section        0  rt_cmsis.o(i.osTimerThread)
    i.os_error                               0x00001b9c   Section        0  rtx_conf_cm.o(i.os_error)
    i.os_idle_demon                          0x00001bbe   Section        0  rtx_conf_cm.o(i.os_idle_demon)
    i.os_tick_init                           0x00001bc4   Section        0  rt_system.o(i.os_tick_init)
    i.os_tick_irqack                         0x00001bec   Section        0  rt_system.o(i.os_tick_irqack)
    i.potentiometerWorker                    0x00001bf0   Section        0  main.o(i.potentiometerWorker)
    i.pushbuttonWorker                       0x00001ca0   Section        0  main.o(i.pushbuttonWorker)
    i.rd_id_man                              0x00001cf0   Section        0  glcd_spi_lpc1700.o(i.rd_id_man)
    rd_id_man                                0x00001cf1   Thumb Code   132  glcd_spi_lpc1700.o(i.rd_id_man)
    i.rd_reg                                 0x00001d7c   Section        0  glcd_spi_lpc1700.o(i.rd_reg)
    rd_reg                                   0x00001d7d   Thumb Code    66  glcd_spi_lpc1700.o(i.rd_reg)
    i.rt_alloc_box                           0x00001dc4   Section        0  rt_membox.o(i.rt_alloc_box)
    i.rt_alloc_mem                           0x00001dde   Section        0  rt_memory.o(i.rt_alloc_mem)
    i.rt_block                               0x00001e1c   Section        0  rt_task.o(i.rt_block)
    i.rt_chk_robin                           0x00001e54   Section        0  rt_robin.o(i.rt_chk_robin)
    i.rt_dec_dly                             0x00001e9c   Section        0  rt_list.o(i.rt_dec_dly)
    i.rt_dispatch                            0x00001f0c   Section        0  rt_task.o(i.rt_dispatch)
    i.rt_dly_wait                            0x00001f50   Section        0  rt_time.o(i.rt_dly_wait)
    i.rt_evt_psh                             0x00001f58   Section        0  rt_event.o(i.rt_evt_psh)
    i.rt_free_box                            0x00001fa8   Section        0  rt_membox.o(i.rt_free_box)
    i.rt_free_mem                            0x00001fd4   Section        0  rt_memory.o(i.rt_free_mem)
    i.rt_get_first                           0x00001ffc   Section        0  rt_list.o(i.rt_get_first)
    i.rt_get_same_rdy_prio                   0x00002024   Section        0  rt_list.o(i.rt_get_same_rdy_prio)
    i.rt_id2obj                              0x00002048   Section        0  rt_cmsis.o(i.rt_id2obj)
    rt_id2obj                                0x00002049   Thumb Code     8  rt_cmsis.o(i.rt_id2obj)
    i.rt_init_context                        0x00002050   Section        0  rt_task.o(i.rt_init_context)
    rt_init_context                          0x00002051   Thumb Code    66  rt_task.o(i.rt_init_context)
    i.rt_init_mem                            0x00002098   Section        0  rt_memory.o(i.rt_init_mem)
    i.rt_init_robin                          0x000020b4   Section        0  rt_robin.o(i.rt_init_robin)
    i.rt_init_stack                          0x000020cc   Section        0  hal_cm.o(i.rt_init_stack)
    i.rt_mbx_check                           0x0000214c   Section        0  rt_mailbox.o(i.rt_mbx_check)
    i.rt_mbx_init                            0x00002154   Section        0  rt_mailbox.o(i.rt_mbx_init)
    i.rt_mbx_psh                             0x00002170   Section        0  rt_mailbox.o(i.rt_mbx_psh)
    i.rt_mbx_wait                            0x00002260   Section        0  rt_mailbox.o(i.rt_mbx_wait)
    i.rt_ms2tick                             0x00002314   Section        0  rt_cmsis.o(i.rt_ms2tick)
    rt_ms2tick                               0x00002315   Thumb Code    58  rt_cmsis.o(i.rt_ms2tick)
    i.rt_pop_req                             0x00002358   Section        0  rt_system.o(i.rt_pop_req)
    i.rt_psh_req                             0x000023d4   Section        0  rt_system.o(i.rt_psh_req)
    i.rt_psq_enq                             0x000023f4   Section        0  rt_list.o(i.rt_psq_enq)
    i.rt_put_dly                             0x00002450   Section        0  rt_list.o(i.rt_put_dly)
    i.rt_put_prio                            0x00002498   Section        0  rt_list.o(i.rt_put_prio)
    i.rt_put_rdy_first                       0x000024d0   Section        0  rt_list.o(i.rt_put_rdy_first)
    i.rt_resort_prio                         0x000024e4   Section        0  rt_list.o(i.rt_resort_prio)
    i.rt_ret_val                             0x00002518   Section        0  hal_cm.o(i.rt_ret_val)
    i.rt_ret_val2                            0x0000251e   Section        0  hal_cm.o(i.rt_ret_val2)
    i.rt_rmv_dly                             0x00002526   Section        0  rt_list.o(i.rt_rmv_dly)
    i.rt_rmv_list                            0x00002550   Section        0  rt_list.o(i.rt_rmv_list)
    i.rt_sem_init                            0x00002580   Section        0  rt_semaphore.o(i.rt_sem_init)
    i.rt_sem_psh                             0x0000258c   Section        0  rt_semaphore.o(i.rt_sem_psh)
    i.rt_sem_send                            0x000025c0   Section        0  rt_semaphore.o(i.rt_sem_send)
    i.rt_sem_wait                            0x000025ec   Section        0  rt_semaphore.o(i.rt_sem_wait)
    i.rt_stk_check                           0x0000262c   Section        0  rt_system.o(i.rt_stk_check)
    i.rt_switch_req                          0x00002650   Section        0  rt_task.o(i.rt_switch_req)
    i.rt_sys_init                            0x00002678   Section        0  rt_task.o(i.rt_sys_init)
    i.rt_sys_start                           0x00002744   Section        0  rt_task.o(i.rt_sys_start)
    i.rt_systick                             0x000027bc   Section        0  rt_system.o(i.rt_systick)
    i.rt_tid2ptcb                            0x000027fc   Section        0  rt_cmsis.o(i.rt_tid2ptcb)
    rt_tid2ptcb                              0x000027fd   Thumb Code    18  rt_cmsis.o(i.rt_tid2ptcb)
    i.rt_timer_insert                        0x00002810   Section        0  rt_cmsis.o(i.rt_timer_insert)
    rt_timer_insert                          0x00002811   Thumb Code    48  rt_cmsis.o(i.rt_timer_insert)
    i.rt_tsk_create                          0x00002844   Section        0  rt_task.o(i.rt_tsk_create)
    i.rt_tsk_delete                          0x000028cc   Section        0  rt_task.o(i.rt_tsk_delete)
    i.rt_tsk_pass                            0x00002a48   Section        0  rt_task.o(i.rt_tsk_pass)
    i.rt_tsk_prio                            0x00002a78   Section        0  rt_task.o(i.rt_tsk_prio)
    i.rt_tsk_self                            0x00002af4   Section        0  rt_task.o(i.rt_tsk_self)
    i.sendchar                               0x00002b04   Section        0  retarget.o(i.sendchar)
    i.setupGame                              0x00002b48   Section        0  main.o(i.setupGame)
    i.spi_tran                               0x00002b5c   Section        0  glcd_spi_lpc1700.o(i.spi_tran)
    spi_tran                                 0x00002b5d   Thumb Code    28  glcd_spi_lpc1700.o(i.spi_tran)
    i.spi_tran_man                           0x00002b7c   Section        0  glcd_spi_lpc1700.o(i.spi_tran_man)
    spi_tran_man                             0x00002b7d   Thumb Code   124  glcd_spi_lpc1700.o(i.spi_tran_man)
    i.svcDelay                               0x00002bfc   Section        0  rt_cmsis.o(i.svcDelay)
    i.svcKernelInitialize                    0x00002c10   Section        0  rt_cmsis.o(i.svcKernelInitialize)
    i.svcKernelStart                         0x00002c80   Section        0  rt_cmsis.o(i.svcKernelStart)
    i.svcMessageCreate                       0x00002cc8   Section        0  rt_cmsis.o(i.svcMessageCreate)
    i.svcMessageGet                          0x00002cec   Section        0  rt_cmsis.o(i.svcMessageGet)
    i.svcSemaphoreCreate                     0x00002d26   Section        0  rt_cmsis.o(i.svcSemaphoreCreate)
    i.svcSemaphoreRelease                    0x00002d4a   Section        0  rt_cmsis.o(i.svcSemaphoreRelease)
    i.svcSemaphoreWait                       0x00002d72   Section        0  rt_cmsis.o(i.svcSemaphoreWait)
    i.svcThreadCreate                        0x00002da4   Section        0  rt_cmsis.o(i.svcThreadCreate)
    i.svcThreadGetId                         0x00002e10   Section        0  rt_cmsis.o(i.svcThreadGetId)
    i.svcThreadTerminate                     0x00002e2c   Section        0  rt_cmsis.o(i.svcThreadTerminate)
    i.svcThreadYield                         0x00002e64   Section        0  rt_cmsis.o(i.svcThreadYield)
    i.svcTimerCall                           0x00002e6e   Section        0  rt_cmsis.o(i.svcTimerCall)
    i.sysTimerTick                           0x00002e88   Section        0  rt_cmsis.o(i.sysTimerTick)
    i.wr_cmd                                 0x00002ee4   Section        0  glcd_spi_lpc1700.o(i.wr_cmd)
    wr_cmd                                   0x00002ee5   Thumb Code    36  glcd_spi_lpc1700.o(i.wr_cmd)
    i.wr_dat                                 0x00002f0c   Section        0  glcd_spi_lpc1700.o(i.wr_dat)
    wr_dat                                   0x00002f0d   Thumb Code    36  glcd_spi_lpc1700.o(i.wr_dat)
    i.wr_dat_only                            0x00002f34   Section        0  glcd_spi_lpc1700.o(i.wr_dat_only)
    wr_dat_only                              0x00002f35   Thumb Code    18  glcd_spi_lpc1700.o(i.wr_dat_only)
    i.wr_dat_start                           0x00002f48   Section        0  glcd_spi_lpc1700.o(i.wr_dat_start)
    wr_dat_start                             0x00002f49   Thumb Code    16  glcd_spi_lpc1700.o(i.wr_dat_start)
    i.wr_dat_stop                            0x00002f5c   Section        0  glcd_spi_lpc1700.o(i.wr_dat_stop)
    wr_dat_stop                              0x00002f5d   Thumb Code     8  glcd_spi_lpc1700.o(i.wr_dat_stop)
    i.wr_reg                                 0x00002f68   Section        0  glcd_spi_lpc1700.o(i.wr_reg)
    wr_reg                                   0x00002f69   Thumb Code    20  glcd_spi_lpc1700.o(i.wr_reg)
    .constdata                               0x00002f7c   Section     6272  glcd_spi_lpc1700.o(.constdata)
    .constdata                               0x000047fc   Section       84  main.o(.constdata)
    .constdata                               0x00004850   Section      104  rtx_conf_cm.o(.constdata)
    __tagsym$$used                           0x0000486c   Number         0  rtx_conf_cm.o(.constdata)
    __tagsym$$used                           0x00004870   Number         0  rtx_conf_cm.o(.constdata)
    __tagsym$$used                           0x00004874   Number         0  rtx_conf_cm.o(.constdata)
    __tagsym$$used                           0x00004878   Number         0  rtx_conf_cm.o(.constdata)
    .data                                    0x10000000   Section        5  glcd_spi_lpc1700.o(.data)
    Color                                    0x10000000   Data           4  glcd_spi_lpc1700.o(.data)
    Himax                                    0x10000004   Data           1  glcd_spi_lpc1700.o(.data)
    .data                                    0x10000008   Section       36  main.o(.data)
    .data                                    0x1000002c   Section       12  retarget.o(.data)
    .data                                    0x10000038   Section       32  uart.o(.data)
    .data                                    0x10000058   Section      832  graphics.o(.data)
    .data                                    0x10000398   Section       16  rtx_conf_cm.o(.data)
    .data                                    0x100003a8   Section        4  system_lpc17xx.o(.data)
    .data                                    0x100003ac   Section        8  rt_cmsis.o(.data)
    .data                                    0x100003b4   Section        8  rt_task.o(.data)
    .data                                    0x100003bc   Section        8  rt_system.o(.data)
    os_lock                                  0x100003bc   Data           1  rt_system.o(.data)
    os_psh_flag                              0x100003bd   Data           1  rt_system.o(.data)
    pend_flags                               0x100003be   Data           1  rt_system.o(.data)
    .data                                    0x100003c4   Section        4  rt_time.o(.data)
    .data                                    0x100003c8   Section        1  hal_cm.o(.data)
    .data                                    0x100003cc   Section        8  rt_robin.o(.data)
    .data                                    0x100003d4   Section        4  mvars.o(.data)
    .data                                    0x100003d8   Section        4  mvars.o(.data)
    .bss                                     0x100003dc   Section      128  uart.o(.bss)
    .bss                                     0x10000460   Section     4400  rtx_conf_cm.o(.bss)
    .bss                                     0x10001590   Section       52  rt_task.o(.bss)
    .bss                                     0x100015c4   Section       48  rt_list.o(.bss)
    HEAP                                     0x100015f8   Section     8192  startup_lpc17xx.o(HEAP)
    STACK                                    0x100035f8   Section     8192  startup_lpc17xx.o(STACK)

    Global Symbols

    Symbol Name                              Value     Ov Type        Size  Object(Section)

    BuildAttributes$$THM_ISAv4$P$D$K$B$S$PE$A:L22UL41UL21$X:L11$S22US41US21$IEEE1$IW$USESV6$~STKCKD$USESV7$~SHL$OSPACE$ROPI$EBA8$MICROLIB$REQ8$PRES8$EABIv2 0x00000000   Number         0  anon$$obj.o ABSOLUTE
    __ARM_use_no_argv                        0x00000000   Number         0  main.o ABSOLUTE
    __Vectors                                0x00000000   Data           4  startup_lpc17xx.o(RESET)
    _printf_a                                0x00000000   Number         0  stubs.o ABSOLUTE
    _printf_c                                0x00000000   Number         0  stubs.o ABSOLUTE
    _printf_charcount                        0x00000000   Number         0  stubs.o ABSOLUTE
    _printf_d                                0x00000000   Number         0  stubs.o ABSOLUTE
    _printf_e                                0x00000000   Number         0  stubs.o ABSOLUTE
    _printf_f                                0x00000000   Number         0  stubs.o ABSOLUTE
    _printf_flags                            0x00000000   Number         0  stubs.o ABSOLUTE
    _printf_fp_dec                           0x00000000   Number         0  stubs.o ABSOLUTE
    _printf_fp_hex                           0x00000000   Number         0  stubs.o ABSOLUTE
    _printf_g                                0x00000000   Number         0  stubs.o ABSOLUTE
    _printf_i                                0x00000000   Number         0  stubs.o ABSOLUTE
    _printf_int_dec                          0x00000000   Number         0  stubs.o ABSOLUTE
    _printf_l                                0x00000000   Number         0  stubs.o ABSOLUTE
    _printf_lc                               0x00000000   Number         0  stubs.o ABSOLUTE
    _printf_ll                               0x00000000   Number         0  stubs.o ABSOLUTE
    _printf_lld                              0x00000000   Number         0  stubs.o ABSOLUTE
    _printf_lli                              0x00000000   Number         0  stubs.o ABSOLUTE
    _printf_llo                              0x00000000   Number         0  stubs.o ABSOLUTE
    _printf_llu                              0x00000000   Number         0  stubs.o ABSOLUTE
    _printf_llx                              0x00000000   Number         0  stubs.o ABSOLUTE
    _printf_longlong_dec                     0x00000000   Number         0  stubs.o ABSOLUTE
    _printf_longlong_hex                     0x00000000   Number         0  stubs.o ABSOLUTE
    _printf_longlong_oct                     0x00000000   Number         0  stubs.o ABSOLUTE
    _printf_ls                               0x00000000   Number         0  stubs.o ABSOLUTE
    _printf_mbtowc                           0x00000000   Number         0  stubs.o ABSOLUTE
    _printf_n                                0x00000000   Number         0  stubs.o ABSOLUTE
    _printf_o                                0x00000000   Number         0  stubs.o ABSOLUTE
    _printf_p                                0x00000000   Number         0  stubs.o ABSOLUTE
    _printf_percent                          0x00000000   Number         0  stubs.o ABSOLUTE
    _printf_pre_padding                      0x00000000   Number         0  stubs.o ABSOLUTE
    _printf_return_value                     0x00000000   Number         0  stubs.o ABSOLUTE
    _printf_s                                0x00000000   Number         0  stubs.o ABSOLUTE
    _printf_sizespec                         0x00000000   Number         0  stubs.o ABSOLUTE
    _printf_str                              0x00000000   Number         0  stubs.o ABSOLUTE
    _printf_truncate_signed                  0x00000000   Number         0  stubs.o ABSOLUTE
    _printf_truncate_unsigned                0x00000000   Number         0  stubs.o ABSOLUTE
    _printf_u                                0x00000000   Number         0  stubs.o ABSOLUTE
    _printf_wc                               0x00000000   Number         0  stubs.o ABSOLUTE
    _printf_wctomb                           0x00000000   Number         0  stubs.o ABSOLUTE
    _printf_widthprec                        0x00000000   Number         0  stubs.o ABSOLUTE
    _printf_x                                0x00000000   Number         0  stubs.o ABSOLUTE
    __cpp_initialize__aeabi_                  - Undefined Weak Reference
    __cxa_finalize                            - Undefined Weak Reference
    _clock_init                               - Undefined Weak Reference
    _microlib_exit                            - Undefined Weak Reference
    __main                                   0x000000cd   Thumb Code     0  entry.o(.ARM.Collect$$$$00000000)
    _main_stk                                0x000000cd   Thumb Code     0  entry2.o(.ARM.Collect$$$$00000001)
    _main_scatterload                        0x000000d1   Thumb Code     0  entry5.o(.ARM.Collect$$$$00000004)
    __main_after_scatterload                 0x000000d5   Thumb Code     0  entry5.o(.ARM.Collect$$$$00000004)
    __rt_final_cpp                           0x000000d5   Thumb Code     0  entry10a.o(.ARM.Collect$$$$0000000D)
    __rt_final_exit                          0x000000d5   Thumb Code     0  entry11a.o(.ARM.Collect$$$$0000000F)
    _main_clock                              0x000000d5   Thumb Code     0  entry7b.o(.ARM.Collect$$$$00000008)
    _main_cpp_init                           0x000000d5   Thumb Code     0  entry8b.o(.ARM.Collect$$$$0000000A)
    _main_init                               0x000000d5   Thumb Code    18  rtx_conf_cm.o(.ARM.Collect$$$$000000FF)
    rt_set_PSP                               0x000000f1   Thumb Code     6  hal_cm3.o(.emb_text)
    rt_get_PSP                               0x000000f7   Thumb Code     6  hal_cm3.o(.emb_text)
    os_set_env                               0x000000fd   Thumb Code    24  hal_cm3.o(.emb_text)
    _alloc_box                               0x00000119   Thumb Code    28  hal_cm3.o(.emb_text)
    _free_box                                0x00000139   Thumb Code    28  hal_cm3.o(.emb_text)
    SVC_Handler                              0x00000159   Thumb Code   108  hal_cm3.o(.emb_text)
    PendSV_Handler                           0x000001d1   Thumb Code    56  hal_cm3.o(.emb_text)
    SysTick_Handler                          0x0000020d   Thumb Code     8  hal_cm3.o(.emb_text)
    OS_Tick_Handler                          0x00000215   Thumb Code    12  hal_cm3.o(.emb_text)
    Reset_Handler                            0x00000221   Thumb Code     8  startup_lpc17xx.o(.text)
    NMI_Handler                              0x00000229   Thumb Code     2  startup_lpc17xx.o(.text)
    HardFault_Handler                        0x0000022b   Thumb Code     2  startup_lpc17xx.o(.text)
    MemManage_Handler                        0x0000022d   Thumb Code     2  startup_lpc17xx.o(.text)
    BusFault_Handler                         0x0000022f   Thumb Code     2  startup_lpc17xx.o(.text)
    UsageFault_Handler                       0x00000231   Thumb Code     2  startup_lpc17xx.o(.text)
    DebugMon_Handler                         0x00000235   Thumb Code     2  startup_lpc17xx.o(.text)
    ADC_IRQHandler                           0x0000023b   Thumb Code     0  startup_lpc17xx.o(.text)
    BOD_IRQHandler                           0x0000023b   Thumb Code     0  startup_lpc17xx.o(.text)
    CANActivity_IRQHandler                   0x0000023b   Thumb Code     0  startup_lpc17xx.o(.text)
    CAN_IRQHandler                           0x0000023b   Thumb Code     0  startup_lpc17xx.o(.text)
    DMA_IRQHandler                           0x0000023b   Thumb Code     0  startup_lpc17xx.o(.text)
    EINT0_IRQHandler                         0x0000023b   Thumb Code     0  startup_lpc17xx.o(.text)
    EINT1_IRQHandler                         0x0000023b   Thumb Code     0  startup_lpc17xx.o(.text)
    EINT2_IRQHandler                         0x0000023b   Thumb Code     0  startup_lpc17xx.o(.text)
    EINT3_IRQHandler                         0x0000023b   Thumb Code     0  startup_lpc17xx.o(.text)
    ENET_IRQHandler                          0x0000023b   Thumb Code     0  startup_lpc17xx.o(.text)
    I2C0_IRQHandler                          0x0000023b   Thumb Code     0  startup_lpc17xx.o(.text)
    I2C1_IRQHandler                          0x0000023b   Thumb Code     0  startup_lpc17xx.o(.text)
    I2C2_IRQHandler                          0x0000023b   Thumb Code     0  startup_lpc17xx.o(.text)
    I2S_IRQHandler                           0x0000023b   Thumb Code     0  startup_lpc17xx.o(.text)
    MCPWM_IRQHandler                         0x0000023b   Thumb Code     0  startup_lpc17xx.o(.text)
    PLL0_IRQHandler                          0x0000023b   Thumb Code     0  startup_lpc17xx.o(.text)
    PLL1_IRQHandler                          0x0000023b   Thumb Code     0  startup_lpc17xx.o(.text)
    PWM1_IRQHandler                          0x0000023b   Thumb Code     0  startup_lpc17xx.o(.text)
    QEI_IRQHandler                           0x0000023b   Thumb Code     0  startup_lpc17xx.o(.text)
    RIT_IRQHandler                           0x0000023b   Thumb Code     0  startup_lpc17xx.o(.text)
    RTC_IRQHandler                           0x0000023b   Thumb Code     0  startup_lpc17xx.o(.text)
    SPI_IRQHandler                           0x0000023b   Thumb Code     0  startup_lpc17xx.o(.text)
    SSP0_IRQHandler                          0x0000023b   Thumb Code     0  startup_lpc17xx.o(.text)
    SSP1_IRQHandler                          0x0000023b   Thumb Code     0  startup_lpc17xx.o(.text)
    TIMER0_IRQHandler                        0x0000023b   Thumb Code     0  startup_lpc17xx.o(.text)
    TIMER1_IRQHandler                        0x0000023b   Thumb Code     0  startup_lpc17xx.o(.text)
    TIMER2_IRQHandler                        0x0000023b   Thumb Code     0  startup_lpc17xx.o(.text)
    TIMER3_IRQHandler                        0x0000023b   Thumb Code     0  startup_lpc17xx.o(.text)
    UART2_IRQHandler                         0x0000023b   Thumb Code     0  startup_lpc17xx.o(.text)
    UART3_IRQHandler                         0x0000023b   Thumb Code     0  startup_lpc17xx.o(.text)
    USBActivity_IRQHandler                   0x0000023b   Thumb Code     0  startup_lpc17xx.o(.text)
    USB_IRQHandler                           0x0000023b   Thumb Code     0  startup_lpc17xx.o(.text)
    WDT_IRQHandler                           0x0000023b   Thumb Code     0  startup_lpc17xx.o(.text)
    __aeabi_ui2d                             0x00000245   Thumb Code    26  dfltui.o(.text)
    __aeabi_d2uiz                            0x0000025f   Thumb Code    50  dfixui.o(.text)
    __aeabi_uidiv                            0x00000291   Thumb Code     0  uidiv.o(.text)
    __aeabi_uidivmod                         0x00000291   Thumb Code    44  uidiv.o(.text)
    __aeabi_llsl                             0x000002bd   Thumb Code    30  llshl.o(.text)
    _ll_shift_l                              0x000002bd   Thumb Code     0  llshl.o(.text)
    __aeabi_llsr                             0x000002db   Thumb Code    32  llushr.o(.text)
    _ll_ushift_r                             0x000002db   Thumb Code     0  llushr.o(.text)
    __I$use$fp                               0x000002fb   Thumb Code     0  iusefp.o(.text)
    __scatterload_null                       0x000002fb   Thumb Code     2  handlers.o(i.__scatterload_null)
    __aeabi_dadd                             0x00000301   Thumb Code   322  dadd.o(.text)
    __aeabi_dsub                             0x00000443   Thumb Code     6  dadd.o(.text)
    __aeabi_drsub                            0x00000449   Thumb Code     6  dadd.o(.text)
    __aeabi_dmul                             0x0000044f   Thumb Code   228  dmul.o(.text)
    __RL_RTX_VER                             0x00000482   Number         0  rt_system.o ABSOLUTE
    __aeabi_ddiv                             0x00000533   Thumb Code   222  ddiv.o(.text)
    __aeabi_lasr                             0x00000611   Thumb Code    36  llsshr.o(.text)
    _ll_sshift_r                             0x00000611   Thumb Code     0  llsshr.o(.text)
    _double_round                            0x00000635   Thumb Code    30  depilogue.o(.text)
    _double_epilogue                         0x00000653   Thumb Code   156  depilogue.o(.text)
    __scatterload                            0x000006f1   Thumb Code    28  init.o(.text)
    __scatterload_rt2                        0x000006f1   Thumb Code     0  init.o(.text)
    __decompress                             0x00000715   Thumb Code     0  __dczerorl2.o(.text)
    __decompress1                            0x00000715   Thumb Code    86  __dczerorl2.o(.text)
    SVC_Count                                0x0000076c   Data           4  svc_table.o(SVC_TABLE)
    Free                                     0x00000771   Thumb Code     6  uart.o(i.Free)
    SVC_Table                                0x00000770   Data           0  svc_table.o(SVC_TABLE)
    FreeRcv                                  0x00000779   Thumb Code    28  uart.o(i.FreeRcv)
    FreeSnd                                  0x0000079d   Thumb Code    28  uart.o(i.FreeSnd)
    GLCD_Bitmap                              0x000007c1   Thumb Code    82  glcd_spi_lpc1700.o(i.GLCD_Bitmap)
    GLCD_Clear                               0x00000813   Thumb Code    42  glcd_spi_lpc1700.o(i.GLCD_Clear)
    GLCD_DisplayChar                         0x0000083d   Thumb Code    84  glcd_spi_lpc1700.o(i.GLCD_DisplayChar)
    GLCD_DisplayString                       0x00000899   Thumb Code    40  glcd_spi_lpc1700.o(i.GLCD_DisplayString)
    GLCD_DrawChar                            0x000008c1   Thumb Code   150  glcd_spi_lpc1700.o(i.GLCD_DrawChar)
    GLCD_Init                                0x0000095d   Thumb Code  1506  glcd_spi_lpc1700.o(i.GLCD_Init)
    GLCD_SetBackColor                        0x00000f45   Thumb Code     6  glcd_spi_lpc1700.o(i.GLCD_SetBackColor)
    GLCD_SetTextColor                        0x00000f51   Thumb Code     6  glcd_spi_lpc1700.o(i.GLCD_SetTextColor)
    GLCD_SetWindow                           0x00000f5d   Thumb Code   168  glcd_spi_lpc1700.o(i.GLCD_SetWindow)
    GLCD_WindowMax                           0x00001009   Thumb Code    18  glcd_spi_lpc1700.o(i.GLCD_WindowMax)
    SystemInit                               0x0000101d   Thumb Code   302  system_lpc17xx.o(i.SystemInit)
    UART0_IRQHandler                         0x0000115d   Thumb Code    88  uart.o(i.UART0_IRQHandler)
    UART1_IRQHandler                         0x000011c5   Thumb Code    90  uart.o(i.UART1_IRQHandler)
    UARTInit                                 0x00001235   Thumb Code   176  uart.o(i.UARTInit)
    UARTSendChar                             0x000012f1   Thumb Code    26  uart.o(i.UARTSendChar)
    __0printf$1                              0x00001315   Thumb Code    22  printf1.o(i.__0printf$1)
    __1printf$1                              0x00001315   Thumb Code     0  printf1.o(i.__0printf$1)
    __2printf                                0x00001315   Thumb Code     0  printf1.o(i.__0printf$1)
    __0sprintf$1                             0x00001335   Thumb Code    34  printf1.o(i.__0sprintf$1)
    __1sprintf$1                             0x00001335   Thumb Code     0  printf1.o(i.__0sprintf$1)
    __2sprintf                               0x00001335   Thumb Code     0  printf1.o(i.__0sprintf$1)
    __scatterload_copy                       0x00001377   Thumb Code    14  handlers.o(i.__scatterload_copy)
    __scatterload_zeroinit                   0x00001385   Thumb Code    14  handlers.o(i.__scatterload_zeroinit)
    _init_box                                0x00001393   Thumb Code    70  rt_membox.o(i._init_box)
    dbg_init                                 0x00001539   Thumb Code    34  hal_cm.o(i.dbg_init)
    dbg_task_notify                          0x00001569   Thumb Code    32  hal_cm.o(i.dbg_task_notify)
    dbg_task_switch                          0x00001589   Thumb Code    16  hal_cm.o(i.dbg_task_switch)
    displayBitmapToLCD                       0x000015a7   Thumb Code    36  graphics.o(i.displayBitmapToLCD)
    displayStringToLCD                       0x000015cb   Thumb Code    80  graphics.o(i.displayStringToLCD)
    fputc                                    0x0000161b   Thumb Code    14  retarget.o(i.fputc)
    free                                     0x00001629   Thumb Code    76  malloc.o(i.free)
    gameWorker                               0x00001679   Thumb Code    74  main.o(i.gameWorker)
    getFrequency                             0x000016ed   Thumb Code    62  uart.o(i.getFrequency)
    graphicsWorker                           0x00001735   Thumb Code    80  graphics.o(i.graphicsWorker)
    initGraphics                             0x0000178d   Thumb Code    32  graphics.o(i.initGraphics)
    isrMessageGet                            0x000017ad   Thumb Code    42  rt_cmsis.o(i.isrMessageGet)
    isrMessagePut                            0x000017d7   Thumb Code    44  rt_cmsis.o(i.isrMessagePut)
    isrSemaphoreRelease                      0x00001803   Thumb Code    40  rt_cmsis.o(i.isrSemaphoreRelease)
    isr_mbx_receive                          0x0000182d   Thumb Code    86  rt_mailbox.o(i.isr_mbx_receive)
    isr_mbx_send                             0x00001883   Thumb Code    14  rt_mailbox.o(i.isr_mbx_send)
    isr_sem_send                             0x00001891   Thumb Code    16  rt_semaphore.o(i.isr_sem_send)
    joystickWorker                           0x000018a1   Thumb Code    96  main.o(i.joystickWorker)
    main                                     0x0000190d   Thumb Code    74  main.o(i.main)
    malloc                                   0x00001981   Thumb Code    92  malloc.o(i.malloc)
    osDelay                                  0x000019ed   Thumb Code    18  rt_cmsis.o(i.osDelay)
    osKernelInitialize                       0x00001a05   Thumb Code    30  rt_cmsis.o(i.osKernelInitialize)
    osKernelStart                            0x00001a29   Thumb Code    98  rt_cmsis.o(i.osKernelStart)
    osMessageGet                             0x00001a95   Thumb Code    18  rt_cmsis.o(i.osMessageGet)
    osSemaphoreCreate                        0x00001aad   Thumb Code    36  rt_cmsis.o(i.osSemaphoreCreate)
    osSemaphoreRelease                       0x00001ad9   Thumb Code    18  rt_cmsis.o(i.osSemaphoreRelease)
    osSemaphoreWait                          0x00001af1   Thumb Code    20  rt_cmsis.o(i.osSemaphoreWait)
    osThreadCreate                           0x00001b09   Thumb Code    36  rt_cmsis.o(i.osThreadCreate)
    osThreadExit                             0x00001b35   Thumb Code    14  rt_cmsis.o(i.osThreadExit)
    osThreadYield                            0x00001b4d   Thumb Code    18  rt_cmsis.o(i.osThreadYield)
    osTimerCall                              0x00001b65   Thumb Code     8  rt_cmsis.o(i.osTimerCall)
    osTimerThread                            0x00001b71   Thumb Code    38  rt_cmsis.o(i.osTimerThread)
    os_error                                 0x00001b9d   Thumb Code    34  rtx_conf_cm.o(i.os_error)
    os_idle_demon                            0x00001bbf   Thumb Code     4  rtx_conf_cm.o(i.os_idle_demon)
    os_tick_init                             0x00001bc5   Thumb Code    32  rt_system.o(i.os_tick_init)
    os_tick_irqack                           0x00001bed   Thumb Code     2  rt_system.o(i.os_tick_irqack)
    potentiometerWorker                      0x00001bf1   Thumb Code   138  main.o(i.potentiometerWorker)
    pushbuttonWorker                         0x00001ca1   Thumb Code    66  main.o(i.pushbuttonWorker)
    rt_alloc_box                             0x00001dc5   Thumb Code    26  rt_membox.o(i.rt_alloc_box)
    rt_alloc_mem                             0x00001ddf   Thumb Code    62  rt_memory.o(i.rt_alloc_mem)
    rt_block                                 0x00001e1d   Thumb Code    48  rt_task.o(i.rt_block)
    rt_chk_robin                             0x00001e55   Thumb Code    60  rt_robin.o(i.rt_chk_robin)
    rt_dec_dly                               0x00001e9d   Thumb Code   102  rt_list.o(i.rt_dec_dly)
    rt_dispatch                              0x00001f0d   Thumb Code    60  rt_task.o(i.rt_dispatch)
    rt_dly_wait                              0x00001f51   Thumb Code     6  rt_time.o(i.rt_dly_wait)
    rt_evt_psh                               0x00001f59   Thumb Code    76  rt_event.o(i.rt_evt_psh)
    rt_free_box                              0x00001fa9   Thumb Code    44  rt_membox.o(i.rt_free_box)
    rt_free_mem                              0x00001fd5   Thumb Code    40  rt_memory.o(i.rt_free_mem)
    rt_get_first                             0x00001ffd   Thumb Code    40  rt_list.o(i.rt_get_first)
    rt_get_same_rdy_prio                     0x00002025   Thumb Code    26  rt_list.o(i.rt_get_same_rdy_prio)
    rt_init_mem                              0x00002099   Thumb Code    26  rt_memory.o(i.rt_init_mem)
    rt_init_robin                            0x000020b5   Thumb Code    14  rt_robin.o(i.rt_init_robin)
    rt_init_stack                            0x000020cd   Thumb Code   118  hal_cm.o(i.rt_init_stack)
    rt_mbx_check                             0x0000214d   Thumb Code     8  rt_mailbox.o(i.rt_mbx_check)
    rt_mbx_init                              0x00002155   Thumb Code    26  rt_mailbox.o(i.rt_mbx_init)
    rt_mbx_psh                               0x00002171   Thumb Code   236  rt_mailbox.o(i.rt_mbx_psh)
    rt_mbx_wait                              0x00002261   Thumb Code   174  rt_mailbox.o(i.rt_mbx_wait)
    rt_pop_req                               0x00002359   Thumb Code   112  rt_system.o(i.rt_pop_req)
    rt_psh_req                               0x000023d5   Thumb Code    22  rt_system.o(i.rt_psh_req)
    rt_psq_enq                               0x000023f5   Thumb Code    88  rt_list.o(i.rt_psq_enq)
    rt_put_dly                               0x00002451   Thumb Code    68  rt_list.o(i.rt_put_dly)
    rt_put_prio                              0x00002499   Thumb Code    54  rt_list.o(i.rt_put_prio)
    rt_put_rdy_first                         0x000024d1   Thumb Code    14  rt_list.o(i.rt_put_rdy_first)
    rt_resort_prio                           0x000024e5   Thumb Code    46  rt_list.o(i.rt_resort_prio)
    rt_ret_val                               0x00002519   Thumb Code     6  hal_cm.o(i.rt_ret_val)
    rt_ret_val2                              0x0000251f   Thumb Code     8  hal_cm.o(i.rt_ret_val2)
    rt_rmv_dly                               0x00002527   Thumb Code    40  rt_list.o(i.rt_rmv_dly)
    rt_rmv_list                              0x00002551   Thumb Code    44  rt_list.o(i.rt_rmv_list)
    rt_sem_init                              0x00002581   Thumb Code    12  rt_semaphore.o(i.rt_sem_init)
    rt_sem_psh                               0x0000258d   Thumb Code    48  rt_semaphore.o(i.rt_sem_psh)
    rt_sem_send                              0x000025c1   Thumb Code    42  rt_semaphore.o(i.rt_sem_send)
    rt_sem_wait                              0x000025ed   Thumb Code    58  rt_semaphore.o(i.rt_sem_wait)
    rt_stk_check                             0x0000262d   Thumb Code    28  rt_system.o(i.rt_stk_check)
    rt_switch_req                            0x00002651   Thumb Code    30  rt_task.o(i.rt_switch_req)
    rt_sys_init                              0x00002679   Thumb Code   138  rt_task.o(i.rt_sys_init)
    rt_sys_start                             0x00002745   Thumb Code   110  rt_task.o(i.rt_sys_start)
    rt_systick                               0x000027bd   Thumb Code    50  rt_system.o(i.rt_systick)
    rt_tsk_create                            0x00002845   Thumb Code   118  rt_task.o(i.rt_tsk_create)
    rt_tsk_delete                            0x000028cd   Thumb Code   352  rt_task.o(i.rt_tsk_delete)
    rt_tsk_pass                              0x00002a49   Thumb Code    38  rt_task.o(i.rt_tsk_pass)
    rt_tsk_prio                              0x00002a79   Thumb Code   108  rt_task.o(i.rt_tsk_prio)
    rt_tsk_self                              0x00002af5   Thumb Code    12  rt_task.o(i.rt_tsk_self)
    sendchar                                 0x00002b05   Thumb Code    64  retarget.o(i.sendchar)
    setupGame                                0x00002b49   Thumb Code    12  main.o(i.setupGame)
    svcDelay                                 0x00002bfd   Thumb Code    18  rt_cmsis.o(i.svcDelay)
    svcKernelInitialize                      0x00002c11   Thumb Code    80  rt_cmsis.o(i.svcKernelInitialize)
    svcKernelStart                           0x00002c81   Thumb Code    62  rt_cmsis.o(i.svcKernelStart)
    svcMessageCreate                         0x00002cc9   Thumb Code    36  rt_cmsis.o(i.svcMessageCreate)
    svcMessageGet                            0x00002ced   Thumb Code    58  rt_cmsis.o(i.svcMessageGet)
    svcSemaphoreCreate                       0x00002d27   Thumb Code    36  rt_cmsis.o(i.svcSemaphoreCreate)
    svcSemaphoreRelease                      0x00002d4b   Thumb Code    40  rt_cmsis.o(i.svcSemaphoreRelease)
    svcSemaphoreWait                         0x00002d73   Thumb Code    50  rt_cmsis.o(i.svcSemaphoreWait)
    svcThreadCreate                          0x00002da5   Thumb Code    96  rt_cmsis.o(i.svcThreadCreate)
    svcThreadGetId                           0x00002e11   Thumb Code    22  rt_cmsis.o(i.svcThreadGetId)
    svcThreadTerminate                       0x00002e2d   Thumb Code    50  rt_cmsis.o(i.svcThreadTerminate)
    svcThreadYield                           0x00002e65   Thumb Code    10  rt_cmsis.o(i.svcThreadYield)
    svcTimerCall                             0x00002e6f   Thumb Code    24  rt_cmsis.o(i.svcTimerCall)
    sysTimerTick                             0x00002e89   Thumb Code    84  rt_cmsis.o(i.sysTimerTick)
    Font_6x8_h                               0x00002f7c   Data         896  glcd_spi_lpc1700.o(.constdata)
    Font_16x24_h                             0x000032fc   Data        5376  glcd_spi_lpc1700.o(.constdata)
    os_semaphore_def_semaphore               0x000047fc   Data           4  main.o(.constdata)
    os_thread_def_potentiometerWorker        0x00004800   Data          16  main.o(.constdata)
    os_thread_def_joystickWorker             0x00004810   Data          16  main.o(.constdata)
    os_thread_def_pushbuttonWorker           0x00004820   Data          16  main.o(.constdata)
    os_thread_def_gameWorker                 0x00004830   Data          16  main.o(.constdata)
    os_thread_def_graphicsWorker             0x00004840   Data          16  main.o(.constdata)
    os_maxtaskrun                            0x00004850   Data           2  rtx_conf_cm.o(.constdata)
    os_stackinfo                             0x00004854   Data           4  rtx_conf_cm.o(.constdata)
    os_rrobin                                0x00004858   Data           4  rtx_conf_cm.o(.constdata)
    os_tickfreq                              0x0000485c   Data           4  rtx_conf_cm.o(.constdata)
    os_tickus_i                              0x00004860   Data           2  rtx_conf_cm.o(.constdata)
    os_tickus_f                              0x00004862   Data           2  rtx_conf_cm.o(.constdata)
    os_trv                                   0x00004864   Data           4  rtx_conf_cm.o(.constdata)
    os_flags                                 0x00004868   Data           1  rtx_conf_cm.o(.constdata)
    CMSIS_RTOS_API_Version                   0x0000486c   Data           4  rtx_conf_cm.o(.constdata)
    CMSIS_RTOS_RTX_Version                   0x00004870   Data           4  rtx_conf_cm.o(.constdata)
    os_clockrate                             0x00004874   Data           4  rtx_conf_cm.o(.constdata)
    os_timernum                              0x00004878   Data           4  rtx_conf_cm.o(.constdata)
    mp_tcb_size                              0x0000487c   Data           2  rtx_conf_cm.o(.constdata)
    mp_stk_size                              0x00004880   Data           4  rtx_conf_cm.o(.constdata)
    os_stack_sz                              0x00004884   Data           4  rtx_conf_cm.o(.constdata)
    os_fifo_size                             0x00004888   Data           1  rtx_conf_cm.o(.constdata)
    os_thread_def_osTimerThread              0x0000488c   Data          16  rtx_conf_cm.o(.constdata)
    os_messageQ_def_osTimerMessageQ          0x0000489c   Data           8  rtx_conf_cm.o(.constdata)
    mp_tmr_size                              0x000048a4   Data           2  rtx_conf_cm.o(.constdata)
    os_thread_def_main                       0x000048a8   Data          16  rtx_conf_cm.o(.constdata)
    Region$$Table$$Base                      0x000048b8   Number         0  anon$$obj.o(Region$$Table)
    Region$$Table$$Limit                     0x000048d8   Number         0  anon$$obj.o(Region$$Table)
    p1                                       0x10000008   Data           8  main.o(.data)
    p2                                       0x10000010   Data           8  main.o(.data)
    firepower                                0x10000018   Data           1  main.o(.data)
    isP1                                     0x10000019   Data           1  main.o(.data)
    changePos                                0x1000001a   Data           1  main.o(.data)
    changeAim                                0x1000001b   Data           1  main.o(.data)
    potValue                                 0x1000001c   Data           2  main.o(.data)
    newGame                                  0x1000001e   Data           1  main.o(.data)
    semaphore                                0x10000020   Data           4  main.o(.data)
    os_semaphore_cb_semaphore                0x10000024   Data           8  main.o(.data)
    uart_init_called                         0x1000002c   Data           1  retarget.o(.data)
    __stdout                                 0x10000030   Data           4  retarget.o(.data)
    __stdin                                  0x10000034   Data           4  retarget.o(.data)
    ITM_RxBuffer                             0x10000038   Data           4  uart.o(.data)
    UART0Status                              0x1000003c   Data           4  uart.o(.data)
    UART1Status                              0x10000040   Data           4  uart.o(.data)
    UART0TxEmpty                             0x10000044   Data           1  uart.o(.data)
    UART1TxEmpty                             0x10000045   Data           1  uart.o(.data)
    UART0Count                               0x10000048   Data           4  uart.o(.data)
    UART1Count                               0x1000004c   Data           4  uart.o(.data)
    RcvLock0                                 0x10000050   Data           1  uart.o(.data)
    SndLock0                                 0x10000051   Data           1  uart.o(.data)
    RcvLock1                                 0x10000052   Data           1  uart.o(.data)
    SndLock1                                 0x10000053   Data           1  uart.o(.data)
    i                                        0x10000054   Data           4  uart.o(.data)
    tank_map                                 0x10000058   Data         832  graphics.o(.data)
    osThreadId_osTimerThread                 0x10000398   Data           4  rtx_conf_cm.o(.data)
    osMessageQId_osTimerMessageQ             0x1000039c   Data           4  rtx_conf_cm.o(.data)
    os_tmr                                   0x100003a0   Data           4  rtx_conf_cm.o(.data)
    m_tmr                                    0x100003a4   Data           4  rtx_conf_cm.o(.data)
    SystemCoreClock                          0x100003a8   Data           4  system_lpc17xx.o(.data)
    os_initialized                           0x100003ac   Data           1  rt_cmsis.o(.data)
    os_running                               0x100003ad   Data           1  rt_cmsis.o(.data)
    os_timer_head                            0x100003b0   Data           4  rt_cmsis.o(.data)
    os_tsk                                   0x100003b4   Data           8  rt_task.o(.data)
    os_tick_irqn                             0x100003c0   Data           4  rt_system.o(.data)
    os_time                                  0x100003c4   Data           4  rt_time.o(.data)
    dbg_msg                                  0x100003c8   Data           1  hal_cm.o(.data)
    os_robin                                 0x100003cc   Data           8  rt_robin.o(.data)
    __microlib_freelist                      0x100003d4   Data           4  mvars.o(.data)
    __microlib_freelist_initialised          0x100003d8   Data           4  mvars.o(.data)
    UART0Buffer                              0x100003dc   Data          64  uart.o(.bss)
    UART1Buffer                              0x1000041c   Data          64  uart.o(.bss)
    mp_tcb                                   0x10000460   Data         376  rtx_conf_cm.o(.bss)
    mp_stk                                   0x100005d8   Data        3088  rtx_conf_cm.o(.bss)
    os_stack_mem                             0x100011e8   Data         744  rtx_conf_cm.o(.bss)
    os_fifo                                  0x100014d0   Data         132  rtx_conf_cm.o(.bss)
    os_active_TCB                            0x10001554   Data          28  rtx_conf_cm.o(.bss)
    os_messageQ_q_osTimerMessageQ            0x10001570   Data          32  rtx_conf_cm.o(.bss)
    os_idle_TCB                              0x10001590   Data          52  rt_task.o(.bss)
    os_rdy                                   0x100015c4   Data          24  rt_list.o(.bss)
    os_dly                                   0x100015dc   Data          24  rt_list.o(.bss)
    __heap_base                              0x100015f8   Data           0  startup_lpc17xx.o(HEAP)
    __heap_limit                             0x100035f8   Data           0  startup_lpc17xx.o(HEAP)
    __initial_sp                             0x100055f8   Data           0  startup_lpc17xx.o(STACK)



==============================================================================

Memory Map of the image

  Image Entry point : 0x00000221

  Load Region LR_1 (Base: 0x00000000, Size: 0x00004cb4, Max: 0xffffffff, ABSOLUTE, COMPRESSED[0x00004b54])

    Execution Region ER_RO (Exec base: 0x00000000, Load base: 0x00000000, Size: 0x000048d8, Max: 0xffffffff, ABSOLUTE)

    Exec Addr    Load Addr    Size         Type   Attr      Idx    E Section Name        Object

    0x00000000   0x00000000   0x000000cc   Data   RO          673    RESET               startup_lpc17xx.o
    0x000000cc   0x000000cc   0x00000000   Code   RO         1925  * .ARM.Collect$$$$00000000  mc_w.l(entry.o)
    0x000000cc   0x000000cc   0x00000004   Code   RO         2229    .ARM.Collect$$$$00000001  mc_w.l(entry2.o)
    0x000000d0   0x000000d0   0x00000004   Code   RO         2232    .ARM.Collect$$$$00000004  mc_w.l(entry5.o)
    0x000000d4   0x000000d4   0x00000000   Code   RO         2234    .ARM.Collect$$$$00000008  mc_w.l(entry7b.o)
    0x000000d4   0x000000d4   0x00000000   Code   RO         2236    .ARM.Collect$$$$0000000A  mc_w.l(entry8b.o)
    0x000000d4   0x000000d4   0x00000000   Code   RO         2237    .ARM.Collect$$$$0000000D  mc_w.l(entry10a.o)
    0x000000d4   0x000000d4   0x00000000   Code   RO         2239    .ARM.Collect$$$$0000000F  mc_w.l(entry11a.o)
    0x000000d4   0x000000d4   0x00000018   Code   RO          636    .ARM.Collect$$$$000000FF  rtx_conf_cm.o
    0x000000ec   0x000000ec   0x00000004   Code   RO         2230    .ARM.Collect$$$$00002712  mc_w.l(entry2.o)
    0x000000f0   0x000000f0   0x00000130   Code   RO         1912    .emb_text           RTX_CM3.lib(hal_cm3.o)
    0x00000220   0x00000220   0x00000024   Code   RO          675  * .text               startup_lpc17xx.o
    0x00000244   0x00000244   0x0000001a   Code   RO         2225    .text               mf_w.l(dfltui.o)
    0x0000025e   0x0000025e   0x00000032   Code   RO         2227    .text               mf_w.l(dfixui.o)
    0x00000290   0x00000290   0x0000002c   Code   RO         2241    .text               mc_w.l(uidiv.o)
    0x000002bc   0x000002bc   0x0000001e   Code   RO         2243    .text               mc_w.l(llshl.o)
    0x000002da   0x000002da   0x00000020   Code   RO         2245    .text               mc_w.l(llushr.o)
    0x000002fa   0x000002fa   0x00000000   Code   RO         2255    .text               mc_w.l(iusefp.o)
    0x000002fa   0x000002fa   0x00000002   Code   RO         2267    i.__scatterload_null  mc_w.l(handlers.o)
    0x000002fc   0x000002fc   0x00000004   Code   RO          674    .ARM.__at_0x02FC    startup_lpc17xx.o
    0x00000300   0x00000300   0x0000014e   Code   RO         2219    .text               mf_w.l(dadd.o)
    0x0000044e   0x0000044e   0x000000e4   Code   RO         2221    .text               mf_w.l(dmul.o)
    0x00000532   0x00000532   0x000000de   Code   RO         2223    .text               mf_w.l(ddiv.o)
    0x00000610   0x00000610   0x00000024   Code   RO         2247    .text               mc_w.l(llsshr.o)
    0x00000634   0x00000634   0x000000ba   Code   RO         2256    .text               mf_w.l(depilogue.o)
    0x000006ee   0x000006ee   0x00000002   PAD
    0x000006f0   0x000006f0   0x00000024   Code   RO         2262    .text               mc_w.l(init.o)
    0x00000714   0x00000714   0x00000056   Code   RO         2272    .text               mc_w.l(__dczerorl2.o)
    0x0000076a   0x0000076a   0x00000002   PAD
    0x0000076c   0x0000076c   0x00000004   Code   RO         1922    SVC_TABLE           RTX_CM3.lib(svc_table.o)
    0x00000770   0x00000770   0x00000006   Code   RO          480    i.Free              uart.o
    0x00000776   0x00000776   0x00000002   PAD
    0x00000778   0x00000778   0x00000024   Code   RO          481    i.FreeRcv           uart.o
    0x0000079c   0x0000079c   0x00000024   Code   RO          482    i.FreeSnd           uart.o
    0x000007c0   0x000007c0   0x00000052   Code   RO          143    i.GLCD_Bitmap       glcd_spi_lpc1700.o
    0x00000812   0x00000812   0x0000002a   Code   RO          144    i.GLCD_Clear        glcd_spi_lpc1700.o
    0x0000083c   0x0000083c   0x0000005c   Code   RO          146    i.GLCD_DisplayChar  glcd_spi_lpc1700.o
    0x00000898   0x00000898   0x00000028   Code   RO          147    i.GLCD_DisplayString  glcd_spi_lpc1700.o
    0x000008c0   0x000008c0   0x0000009c   Code   RO          148    i.GLCD_DrawChar     glcd_spi_lpc1700.o
    0x0000095c   0x0000095c   0x000005e8   Code   RO          149    i.GLCD_Init         glcd_spi_lpc1700.o
    0x00000f44   0x00000f44   0x0000000c   Code   RO          152    i.GLCD_SetBackColor  glcd_spi_lpc1700.o
    0x00000f50   0x00000f50   0x0000000c   Code   RO          153    i.GLCD_SetTextColor  glcd_spi_lpc1700.o
    0x00000f5c   0x00000f5c   0x000000ac   Code   RO          154    i.GLCD_SetWindow    glcd_spi_lpc1700.o
    0x00001008   0x00001008   0x00000012   Code   RO          155    i.GLCD_WindowMax    glcd_spi_lpc1700.o
    0x0000101a   0x0000101a   0x00000002   PAD
    0x0000101c   0x0000101c   0x00000140   Code   RO          685    i.SystemInit        system_lpc17xx.o
    0x0000115c   0x0000115c   0x00000068   Code   RO          486    i.UART0_IRQHandler  uart.o
    0x000011c4   0x000011c4   0x00000070   Code   RO          487    i.UART1_IRQHandler  uart.o
    0x00001234   0x00001234   0x000000bc   Code   RO          488    i.UARTInit          uart.o
    0x000012f0   0x000012f0   0x00000024   Code   RO          492    i.UARTSendChar      uart.o
    0x00001314   0x00001314   0x00000020   Code   RO         1975    i.__0printf$1       mc_w.l(printf1.o)
    0x00001334   0x00001334   0x00000028   Code   RO         1977    i.__0sprintf$1      mc_w.l(printf1.o)
    0x0000135c   0x0000135c   0x0000001a   Code   RO          493    i.__NVIC_EnableIRQ  uart.o
    0x00001376   0x00001376   0x0000000e   Code   RO         2266    i.__scatterload_copy  mc_w.l(handlers.o)
    0x00001384   0x00001384   0x0000000e   Code   RO         2268    i.__scatterload_zeroinit  mc_w.l(handlers.o)
    0x00001392   0x00001392   0x00000046   Code   RO         1790    i._init_box         RTX_CM3.lib(rt_membox.o)
    0x000013d8   0x000013d8   0x00000154   Code   RO         1982    i._printf_core      mc_w.l(printf1.o)
    0x0000152c   0x0000152c   0x0000000a   Code   RO         1984    i._sputc            mc_w.l(printf1.o)
    0x00001536   0x00001536   0x00000002   PAD
    0x00001538   0x00001538   0x00000030   Code   RO         1843    i.dbg_init          RTX_CM3.lib(hal_cm.o)
    0x00001568   0x00001568   0x00000020   Code   RO         1844    i.dbg_task_notify   RTX_CM3.lib(hal_cm.o)
    0x00001588   0x00001588   0x00000010   Code   RO         1845    i.dbg_task_switch   RTX_CM3.lib(hal_cm.o)
    0x00001598   0x00001598   0x0000000e   Code   RO          158    i.delay             glcd_spi_lpc1700.o
    0x000015a6   0x000015a6   0x00000024   Code   RO          594    i.displayBitmapToLCD  graphics.o
    0x000015ca   0x000015ca   0x00000050   Code   RO          595    i.displayStringToLCD  graphics.o
    0x0000161a   0x0000161a   0x0000000e   Code   RO          420    i.fputc             retarget.o
    0x00001628   0x00001628   0x00000050   Code   RO         2191    i.free              mc_w.l(malloc.o)
    0x00001678   0x00001678   0x00000074   Code   RO          331    i.gameWorker        main.o
    0x000016ec   0x000016ec   0x00000048   Code   RO          494    i.getFrequency      uart.o
    0x00001734   0x00001734   0x00000058   Code   RO          596    i.graphicsWorker    graphics.o
    0x0000178c   0x0000178c   0x00000020   Code   RO          597    i.initGraphics      graphics.o
    0x000017ac   0x000017ac   0x0000002a   Code   RO          720    i.isrMessageGet     RTX_CM3.lib(rt_cmsis.o)
    0x000017d6   0x000017d6   0x0000002c   Code   RO          721    i.isrMessagePut     RTX_CM3.lib(rt_cmsis.o)
    0x00001802   0x00001802   0x00000028   Code   RO          722    i.isrSemaphoreRelease  RTX_CM3.lib(rt_cmsis.o)
    0x0000182a   0x0000182a   0x00000002   PAD
    0x0000182c   0x0000182c   0x00000056   Code   RO         1636    i.isr_mbx_receive   RTX_CM3.lib(rt_mailbox.o)
    0x00001882   0x00001882   0x0000000e   Code   RO         1637    i.isr_mbx_send      RTX_CM3.lib(rt_mailbox.o)
    0x00001890   0x00001890   0x00000010   Code   RO         1684    i.isr_sem_send      RTX_CM3.lib(rt_semaphore.o)
    0x000018a0   0x000018a0   0x0000006c   Code   RO          332    i.joystickWorker    main.o
    0x0000190c   0x0000190c   0x00000074   Code   RO          333    i.main              main.o
    0x00001980   0x00001980   0x0000006c   Code   RO         2192    i.malloc            mc_w.l(malloc.o)
    0x000019ec   0x000019ec   0x00000018   Code   RO          724    i.osDelay           RTX_CM3.lib(rt_cmsis.o)
    0x00001a04   0x00001a04   0x00000024   Code   RO          725    i.osKernelInitialize  RTX_CM3.lib(rt_cmsis.o)
    0x00001a28   0x00001a28   0x0000006c   Code   RO          727    i.osKernelStart     RTX_CM3.lib(rt_cmsis.o)
    0x00001a94   0x00001a94   0x00000018   Code   RO          736    i.osMessageGet      RTX_CM3.lib(rt_cmsis.o)
    0x00001aac   0x00001aac   0x0000002c   Code   RO          746    i.osSemaphoreCreate  RTX_CM3.lib(rt_cmsis.o)
    0x00001ad8   0x00001ad8   0x00000018   Code   RO          748    i.osSemaphoreRelease  RTX_CM3.lib(rt_cmsis.o)
    0x00001af0   0x00001af0   0x00000018   Code   RO          749    i.osSemaphoreWait   RTX_CM3.lib(rt_cmsis.o)
    0x00001b08   0x00001b08   0x0000002c   Code   RO          753    i.osThreadCreate    RTX_CM3.lib(rt_cmsis.o)
    0x00001b34   0x00001b34   0x00000018   Code   RO          754    i.osThreadExit      RTX_CM3.lib(rt_cmsis.o)
    0x00001b4c   0x00001b4c   0x00000018   Code   RO          759    i.osThreadYield     RTX_CM3.lib(rt_cmsis.o)
    0x00001b64   0x00001b64   0x0000000c   Code   RO          760    i.osTimerCall       RTX_CM3.lib(rt_cmsis.o)
    0x00001b70   0x00001b70   0x0000002c   Code   RO          765    i.osTimerThread     RTX_CM3.lib(rt_cmsis.o)
    0x00001b9c   0x00001b9c   0x00000022   Code   RO          637    i.os_error          rtx_conf_cm.o
    0x00001bbe   0x00001bbe   0x00000004   Code   RO          638    i.os_idle_demon     rtx_conf_cm.o
    0x00001bc2   0x00001bc2   0x00000002   PAD
    0x00001bc4   0x00001bc4   0x00000028   Code   RO         1424    i.os_tick_init      RTX_CM3.lib(rt_system.o)
    0x00001bec   0x00001bec   0x00000002   Code   RO         1425    i.os_tick_irqack    RTX_CM3.lib(rt_system.o)
    0x00001bee   0x00001bee   0x00000002   PAD
    0x00001bf0   0x00001bf0   0x000000b0   Code   RO          334    i.potentiometerWorker  main.o
    0x00001ca0   0x00001ca0   0x00000050   Code   RO          335    i.pushbuttonWorker  main.o
    0x00001cf0   0x00001cf0   0x0000008c   Code   RO          159    i.rd_id_man         glcd_spi_lpc1700.o
    0x00001d7c   0x00001d7c   0x00000048   Code   RO          160    i.rd_reg            glcd_spi_lpc1700.o
    0x00001dc4   0x00001dc4   0x0000001a   Code   RO         1791    i.rt_alloc_box      RTX_CM3.lib(rt_membox.o)
    0x00001dde   0x00001dde   0x0000003e   Code   RO         1819    i.rt_alloc_mem      RTX_CM3.lib(rt_memory.o)
    0x00001e1c   0x00001e1c   0x00000038   Code   RO         1339    i.rt_block          RTX_CM3.lib(rt_task.o)
    0x00001e54   0x00001e54   0x00000048   Code   RO         1891    i.rt_chk_robin      RTX_CM3.lib(rt_robin.o)
    0x00001e9c   0x00001e9c   0x00000070   Code   RO         1560    i.rt_dec_dly        RTX_CM3.lib(rt_list.o)
    0x00001f0c   0x00001f0c   0x00000044   Code   RO         1340    i.rt_dispatch       RTX_CM3.lib(rt_task.o)
    0x00001f50   0x00001f50   0x00000006   Code   RO         1726    i.rt_dly_wait       RTX_CM3.lib(rt_time.o)
    0x00001f56   0x00001f56   0x00000002   PAD
    0x00001f58   0x00001f58   0x00000050   Code   RO         1517    i.rt_evt_psh        RTX_CM3.lib(rt_event.o)
    0x00001fa8   0x00001fa8   0x0000002c   Code   RO         1792    i.rt_free_box       RTX_CM3.lib(rt_membox.o)
    0x00001fd4   0x00001fd4   0x00000028   Code   RO         1820    i.rt_free_mem       RTX_CM3.lib(rt_memory.o)
    0x00001ffc   0x00001ffc   0x00000028   Code   RO         1561    i.rt_get_first      RTX_CM3.lib(rt_list.o)
    0x00002024   0x00002024   0x00000024   Code   RO         1562    i.rt_get_same_rdy_prio  RTX_CM3.lib(rt_list.o)
    0x00002048   0x00002048   0x00000008   Code   RO          770    i.rt_id2obj         RTX_CM3.lib(rt_cmsis.o)
    0x00002050   0x00002050   0x00000048   Code   RO         1341    i.rt_init_context   RTX_CM3.lib(rt_task.o)
    0x00002098   0x00002098   0x0000001a   Code   RO         1821    i.rt_init_mem       RTX_CM3.lib(rt_memory.o)
    0x000020b2   0x000020b2   0x00000002   PAD
    0x000020b4   0x000020b4   0x00000018   Code   RO         1892    i.rt_init_robin     RTX_CM3.lib(rt_robin.o)
    0x000020cc   0x000020cc   0x00000080   Code   RO         1846    i.rt_init_stack     RTX_CM3.lib(hal_cm.o)
    0x0000214c   0x0000214c   0x00000008   Code   RO         1638    i.rt_mbx_check      RTX_CM3.lib(rt_mailbox.o)
    0x00002154   0x00002154   0x0000001a   Code   RO         1639    i.rt_mbx_init       RTX_CM3.lib(rt_mailbox.o)
    0x0000216e   0x0000216e   0x00000002   PAD
    0x00002170   0x00002170   0x000000f0   Code   RO         1640    i.rt_mbx_psh        RTX_CM3.lib(rt_mailbox.o)
    0x00002260   0x00002260   0x000000b4   Code   RO         1642    i.rt_mbx_wait       RTX_CM3.lib(rt_mailbox.o)
    0x00002314   0x00002314   0x00000044   Code   RO          771    i.rt_ms2tick        RTX_CM3.lib(rt_cmsis.o)
    0x00002358   0x00002358   0x0000007c   Code   RO         1428    i.rt_pop_req        RTX_CM3.lib(rt_system.o)
    0x000023d4   0x000023d4   0x00000020   Code   RO         1429    i.rt_psh_req        RTX_CM3.lib(rt_system.o)
    0x000023f4   0x000023f4   0x0000005c   Code   RO         1563    i.rt_psq_enq        RTX_CM3.lib(rt_list.o)
    0x00002450   0x00002450   0x00000048   Code   RO         1564    i.rt_put_dly        RTX_CM3.lib(rt_list.o)
    0x00002498   0x00002498   0x00000036   Code   RO         1565    i.rt_put_prio       RTX_CM3.lib(rt_list.o)
    0x000024ce   0x000024ce   0x00000002   PAD
    0x000024d0   0x000024d0   0x00000014   Code   RO         1566    i.rt_put_rdy_first  RTX_CM3.lib(rt_list.o)
    0x000024e4   0x000024e4   0x00000034   Code   RO         1567    i.rt_resort_prio    RTX_CM3.lib(rt_list.o)
    0x00002518   0x00002518   0x00000006   Code   RO         1847    i.rt_ret_val        RTX_CM3.lib(hal_cm.o)
    0x0000251e   0x0000251e   0x00000008   Code   RO         1848    i.rt_ret_val2       RTX_CM3.lib(hal_cm.o)
    0x00002526   0x00002526   0x00000028   Code   RO         1568    i.rt_rmv_dly        RTX_CM3.lib(rt_list.o)
    0x0000254e   0x0000254e   0x00000002   PAD
    0x00002550   0x00002550   0x00000030   Code   RO         1569    i.rt_rmv_list       RTX_CM3.lib(rt_list.o)
    0x00002580   0x00002580   0x0000000c   Code   RO         1686    i.rt_sem_init       RTX_CM3.lib(rt_semaphore.o)
    0x0000258c   0x0000258c   0x00000034   Code   RO         1687    i.rt_sem_psh        RTX_CM3.lib(rt_semaphore.o)
    0x000025c0   0x000025c0   0x0000002a   Code   RO         1688    i.rt_sem_send       RTX_CM3.lib(rt_semaphore.o)
    0x000025ea   0x000025ea   0x00000002   PAD
    0x000025ec   0x000025ec   0x00000040   Code   RO         1689    i.rt_sem_wait       RTX_CM3.lib(rt_semaphore.o)
    0x0000262c   0x0000262c   0x00000024   Code   RO         1431    i.rt_stk_check      RTX_CM3.lib(rt_system.o)
    0x00002650   0x00002650   0x00000028   Code   RO         1342    i.rt_switch_req     RTX_CM3.lib(rt_task.o)
    0x00002678   0x00002678   0x000000cc   Code   RO         1343    i.rt_sys_init       RTX_CM3.lib(rt_task.o)
    0x00002744   0x00002744   0x00000078   Code   RO         1344    i.rt_sys_start      RTX_CM3.lib(rt_task.o)
    0x000027bc   0x000027bc   0x00000040   Code   RO         1433    i.rt_systick        RTX_CM3.lib(rt_system.o)
    0x000027fc   0x000027fc   0x00000012   Code   RO          772    i.rt_tid2ptcb       RTX_CM3.lib(rt_cmsis.o)
    0x0000280e   0x0000280e   0x00000002   PAD
    0x00002810   0x00002810   0x00000034   Code   RO          773    i.rt_timer_insert   RTX_CM3.lib(rt_cmsis.o)
    0x00002844   0x00002844   0x00000088   Code   RO         1345    i.rt_tsk_create     RTX_CM3.lib(rt_task.o)
    0x000028cc   0x000028cc   0x0000017c   Code   RO         1346    i.rt_tsk_delete     RTX_CM3.lib(rt_task.o)
    0x00002a48   0x00002a48   0x00000030   Code   RO         1347    i.rt_tsk_pass       RTX_CM3.lib(rt_task.o)
    0x00002a78   0x00002a78   0x0000007c   Code   RO         1348    i.rt_tsk_prio       RTX_CM3.lib(rt_task.o)
    0x00002af4   0x00002af4   0x00000010   Code   RO         1349    i.rt_tsk_self       RTX_CM3.lib(rt_task.o)
    0x00002b04   0x00002b04   0x00000044   Code   RO          422    i.sendchar          retarget.o
    0x00002b48   0x00002b48   0x00000014   Code   RO          336    i.setupGame         main.o
    0x00002b5c   0x00002b5c   0x00000020   Code   RO          161    i.spi_tran          glcd_spi_lpc1700.o
    0x00002b7c   0x00002b7c   0x00000080   Code   RO          162    i.spi_tran_man      glcd_spi_lpc1700.o
    0x00002bfc   0x00002bfc   0x00000012   Code   RO          775    i.svcDelay          RTX_CM3.lib(rt_cmsis.o)
    0x00002c0e   0x00002c0e   0x00000002   PAD
    0x00002c10   0x00002c10   0x00000070   Code   RO          776    i.svcKernelInitialize  RTX_CM3.lib(rt_cmsis.o)
    0x00002c80   0x00002c80   0x00000048   Code   RO          778    i.svcKernelStart    RTX_CM3.lib(rt_cmsis.o)
    0x00002cc8   0x00002cc8   0x00000024   Code   RO          781    i.svcMessageCreate  RTX_CM3.lib(rt_cmsis.o)
    0x00002cec   0x00002cec   0x0000003a   Code   RO          782    i.svcMessageGet     RTX_CM3.lib(rt_cmsis.o)
    0x00002d26   0x00002d26   0x00000024   Code   RO          789    i.svcSemaphoreCreate  RTX_CM3.lib(rt_cmsis.o)
    0x00002d4a   0x00002d4a   0x00000028   Code   RO          791    i.svcSemaphoreRelease  RTX_CM3.lib(rt_cmsis.o)
    0x00002d72   0x00002d72   0x00000032   Code   RO          792    i.svcSemaphoreWait  RTX_CM3.lib(rt_cmsis.o)
    0x00002da4   0x00002da4   0x0000006c   Code   RO          796    i.svcThreadCreate   RTX_CM3.lib(rt_cmsis.o)
    0x00002e10   0x00002e10   0x0000001c   Code   RO          797    i.svcThreadGetId    RTX_CM3.lib(rt_cmsis.o)
    0x00002e2c   0x00002e2c   0x00000038   Code   RO          800    i.svcThreadTerminate  RTX_CM3.lib(rt_cmsis.o)
    0x00002e64   0x00002e64   0x0000000a   Code   RO          801    i.svcThreadYield    RTX_CM3.lib(rt_cmsis.o)
    0x00002e6e   0x00002e6e   0x00000018   Code   RO          802    i.svcTimerCall      RTX_CM3.lib(rt_cmsis.o)
    0x00002e86   0x00002e86   0x00000002   PAD
    0x00002e88   0x00002e88   0x0000005c   Code   RO          811    i.sysTimerTick      RTX_CM3.lib(rt_cmsis.o)
    0x00002ee4   0x00002ee4   0x00000028   Code   RO          163    i.wr_cmd            glcd_spi_lpc1700.o
    0x00002f0c   0x00002f0c   0x00000028   Code   RO          164    i.wr_dat            glcd_spi_lpc1700.o
    0x00002f34   0x00002f34   0x00000012   Code   RO          165    i.wr_dat_only       glcd_spi_lpc1700.o
    0x00002f46   0x00002f46   0x00000002   PAD
    0x00002f48   0x00002f48   0x00000014   Code   RO          166    i.wr_dat_start      glcd_spi_lpc1700.o
    0x00002f5c   0x00002f5c   0x0000000c   Code   RO          167    i.wr_dat_stop       glcd_spi_lpc1700.o
    0x00002f68   0x00002f68   0x00000014   Code   RO          168    i.wr_reg            glcd_spi_lpc1700.o
    0x00002f7c   0x00002f7c   0x00001880   Data   RO          169    .constdata          glcd_spi_lpc1700.o
    0x000047fc   0x000047fc   0x00000054   Data   RO          337    .constdata          main.o
    0x00004850   0x00004850   0x00000068   Data   RO          640    .constdata          rtx_conf_cm.o
    0x000048b8   0x000048b8   0x00000020   Data   RO         2264    Region$$Table       anon$$obj.o


    Execution Region ER_RW (Exec base: 0x10000000, Load base: 0x000048d8, Size: 0x000003dc, Max: 0xffffffff, ABSOLUTE, COMPRESSED[0x0000027c])

    Exec Addr    Load Addr    Size         Type   Attr      Idx    E Section Name        Object

    0x10000000   COMPRESSED   0x00000005   Data   RW          170    .data               glcd_spi_lpc1700.o
    0x10000005   COMPRESSED   0x00000003   PAD
    0x10000008   COMPRESSED   0x00000024   Data   RW          338    .data               main.o
    0x1000002c   COMPRESSED   0x0000000c   Data   RW          423    .data               retarget.o
    0x10000038   COMPRESSED   0x00000020   Data   RW          496    .data               uart.o
    0x10000058   COMPRESSED   0x00000340   Data   RW          598    .data               graphics.o
    0x10000398   COMPRESSED   0x00000010   Data   RW          641    .data               rtx_conf_cm.o
    0x100003a8   COMPRESSED   0x00000004   Data   RW          686    .data               system_lpc17xx.o
    0x100003ac   COMPRESSED   0x00000008   Data   RW          814    .data               RTX_CM3.lib(rt_cmsis.o)
    0x100003b4   COMPRESSED   0x00000008   Data   RW         1351    .data               RTX_CM3.lib(rt_task.o)
    0x100003bc   COMPRESSED   0x00000008   Data   RW         1436    .data               RTX_CM3.lib(rt_system.o)
    0x100003c4   COMPRESSED   0x00000004   Data   RW         1730    .data               RTX_CM3.lib(rt_time.o)
    0x100003c8   COMPRESSED   0x00000001   Data   RW         1849    .data               RTX_CM3.lib(hal_cm.o)
    0x100003c9   COMPRESSED   0x00000003   PAD
    0x100003cc   COMPRESSED   0x00000008   Data   RW         1893    .data               RTX_CM3.lib(rt_robin.o)
    0x100003d4   COMPRESSED   0x00000004   Data   RW         2253    .data               mc_w.l(mvars.o)
    0x100003d8   COMPRESSED   0x00000004   Data   RW         2254    .data               mc_w.l(mvars.o)


    Execution Region ER_ZI (Exec base: 0x100003dc, Load base: 0x00004b54, Size: 0x0000521c, Max: 0xffffffff, ABSOLUTE)

    Exec Addr    Load Addr    Size         Type   Attr      Idx    E Section Name        Object

    0x100003dc        -       0x00000080   Zero   RW          495    .bss                uart.o
    0x1000045c   0x00004b54   0x00000004   PAD
    0x10000460        -       0x00001130   Zero   RW          639    .bss                rtx_conf_cm.o
    0x10001590        -       0x00000034   Zero   RW         1350    .bss                RTX_CM3.lib(rt_task.o)
    0x100015c4        -       0x00000030   Zero   RW         1570    .bss                RTX_CM3.lib(rt_list.o)
    0x100015f4   0x00004b54   0x00000004   PAD
    0x100015f8        -       0x00002000   Zero   RW          672    HEAP                startup_lpc17xx.o
    0x100035f8        -       0x00002000   Zero   RW          671    STACK               startup_lpc17xx.o


==============================================================================

Image component sizes


      Code (inc. data)   RO Data    RW Data    ZI Data      Debug   Object Name

         0          0          0          0          0       4556   glcd_scroll.o
      2674         94       6272          5          0      31583   glcd_spi_lpc1700.o
       236          8          0        832          0       3485   graphics.o
       616        156         84         36          0       8983   main.o
        82          4          0         12          0       2982   retarget.o
        62          6        104         16       4400       7712   rtx_conf_cm.o
        40         12        204          0      16384       1044   startup_lpc17xx.o
       320         18          0          4          0        859   system_lpc17xx.o
       616         86          0         32        128      32695   uart.o

    ----------------------------------------------------------------------
      4654        384       6696        940      20916      93899   Object Totals
         0          0         32          0          0          0   (incl. Generated)
         8          0          0          3          4          0   (incl. Padding)

    ----------------------------------------------------------------------

      Code (inc. data)   RO Data    RW Data    ZI Data      Debug   Library Member Name

       238         24          0          1          0       3312   hal_cm.o
       304         36          0          0          0        768   hal_cm3.o
      1444        168          0          8          0      38502   rt_cmsis.o
        80          4          0          0          0        661   rt_event.o
       566         44          0          0         48       8792   rt_list.o
       554         10          0          0          0       3949   rt_mailbox.o
       140          0          0          0          0       1925   rt_membox.o
       128          0          0          0          0       2307   rt_memory.o
        96         22          0          8          0       1158   rt_robin.o
       186         10          0          0          0       2902   rt_semaphore.o
       298         52          0          8          0       6223   rt_system.o
      1264        184          0          8         52      10147   rt_task.o
         6          0          0          4          0        652   rt_time.o
         4          4          0          0          0        208   svc_table.o
        86          0          0          0          0          0   __dczerorl2.o
         0          0          0          0          0          0   entry.o
         0          0          0          0          0          0   entry10a.o
         0          0          0          0          0          0   entry11a.o
         8          4          0          0          0          0   entry2.o
         4          0          0          0          0          0   entry5.o
         0          0          0          0          0          0   entry7b.o
         0          0          0          0          0          0   entry8b.o
        30          0          0          0          0          0   handlers.o
        36          8          0          0          0         68   init.o
         0          0          0          0          0          0   iusefp.o
        30          0          0          0          0         68   llshl.o
        36          0          0          0          0         68   llsshr.o
        32          0          0          0          0         68   llushr.o
       188         20          0          0          0        160   malloc.o
         0          0          0          8          0          0   mvars.o
       422         20          0          0          0        336   printf1.o
        44          0          0          0          0         80   uidiv.o
       334          0          0          0          0        148   dadd.o
       222          0          0          0          0        100   ddiv.o
       186          0          0          0          0        176   depilogue.o
        50          0          0          0          0         76   dfixui.o
        26          0          0          0          0         76   dfltui.o
       228          0          0          0          0         96   dmul.o

    ----------------------------------------------------------------------
      7298        610          0         48        104      83026   Library Totals
        28          0          0          3          4          0   (incl. Padding)

    ----------------------------------------------------------------------

      Code (inc. data)   RO Data    RW Data    ZI Data      Debug   Library Name

      5308        558          0         37        100      81506   RTX_CM3.lib
       916         52          0          8          0        848   mc_w.l
      1046          0          0          0          0        672   mf_w.l

    ----------------------------------------------------------------------
      7298        610          0         48        104      83026   Library Totals

    ----------------------------------------------------------------------

==============================================================================


      Code (inc. data)   RO Data    RW Data    ZI Data      Debug   

     11952        994       6696        988      21020     169773   Grand Totals
     11952        994       6696        636      21020     169773   ELF Image Totals (compressed)
     11952        994       6696        636          0          0   ROM Totals

==============================================================================

    Total RO  Size (Code + RO Data)                18648 (  18.21kB)
    Total RW  Size (RW Data + ZI Data)             22008 (  21.49kB)
    Total ROM Size (Code + RO Data + RW Data)      19284 (  18.83kB)

==============================================================================

